
==========================================================================
Post synthesis report_tns
--------------------------------------------------------------------------
tns max 0.00

==========================================================================
Post synthesis report_wns
--------------------------------------------------------------------------
wns max 0.00

==========================================================================
Post synthesis report_worst_slack
--------------------------------------------------------------------------
worst slack max 805.35

==========================================================================
Post synthesis report_clock_min_period
--------------------------------------------------------------------------
clk period_min = 1194.65 fmax = 837.07

==========================================================================
Post synthesis report_checks -path_delay min
--------------------------------------------------------------------------
Startpoint: u_clint.inst_addr[10]$_SDFFE_PN0P_
            (rising edge-triggered flip-flop clocked by clk)
Endpoint: u_clint.data_o[10]$_SDFF_PN0_
          (rising edge-triggered flip-flop clocked by clk)
Path Group: clk
Path Type: min

Fanout     Cap    Slew   Delay    Time   Description
-----------------------------------------------------------------------------
                  0.00    0.00    0.00   clock clk (rise edge)
                          0.00    0.00   clock network delay (ideal)
                  0.00    0.00    0.00 ^ u_clint.inst_addr[10]$_SDFFE_PN0P_/CLK (DFFHQNx1_ASAP7_75t_R)
     2    1.38   16.97   35.26   35.26 ^ u_clint.inst_addr[10]$_SDFFE_PN0P_/QN (DFFHQNx1_ASAP7_75t_R)
                                         _01748_ (net)
                 16.97    0.00   35.26 ^ _38595_/A1 (OAI22x1_ASAP7_75t_R)
     1    0.55    8.76    7.71   42.97 v _38595_/Y (OAI22x1_ASAP7_75t_R)
                                         _07940_ (net)
                  8.76    0.00   42.97 v u_clint.data_o[10]$_SDFF_PN0_/D (DFFHQNx1_ASAP7_75t_R)
                                 42.97   data arrival time

                  0.00    0.00    0.00   clock clk (rise edge)
                          0.00    0.00   clock network delay (ideal)
                          0.00    0.00   clock reconvergence pessimism
                                  0.00 ^ u_clint.data_o[10]$_SDFF_PN0_/CLK (DFFHQNx1_ASAP7_75t_R)
                          8.40    8.40   library hold time
                                  8.40   data required time
-----------------------------------------------------------------------------
                                  8.40   data required time
                                -42.97   data arrival time
-----------------------------------------------------------------------------
                                 34.57   slack (MET)



==========================================================================
Post synthesis report_checks -path_delay max
--------------------------------------------------------------------------
Startpoint: u_id_ex.inst_ff.qout_r[12]$_SDFF_PP0_
            (rising edge-triggered flip-flop clocked by clk)
Endpoint: u_regs.regs[19][24]$_DFFE_PP_
          (rising edge-triggered flip-flop clocked by clk)
Path Group: clk
Path Type: max

Fanout     Cap    Slew   Delay    Time   Description
-----------------------------------------------------------------------------
                  0.00    0.00    0.00   clock clk (rise edge)
                          0.00    0.00   clock network delay (ideal)
                  0.00    0.00    0.00 ^ u_id_ex.inst_ff.qout_r[12]$_SDFF_PP0_/CLK (DFFHQNx1_ASAP7_75t_R)
     3    1.91   19.77   36.16   36.16 v u_id_ex.inst_ff.qout_r[12]$_SDFF_PP0_/QN (DFFHQNx1_ASAP7_75t_R)
                                         _01427_ (net)
                 19.77    0.00   36.16 v _32927_/A (BUFx2_ASAP7_75t_R)
    10    7.15   20.75   25.76   61.91 v _32927_/Y (BUFx2_ASAP7_75t_R)
                                         _09937_ (net)
                 20.75    0.00   61.91 v _33407_/A (OR3x1_ASAP7_75t_R)
     1    0.58    8.07   21.74   83.65 v _33407_/Y (OR3x1_ASAP7_75t_R)
                                         _10116_ (net)
                  8.07    0.00   83.65 v _33408_/A (BUFx2_ASAP7_75t_R)
     9    5.61   16.91   20.21  103.86 v _33408_/Y (BUFx2_ASAP7_75t_R)
                                         _10117_ (net)
                 16.91    0.00  103.86 v _33409_/A (BUFx2_ASAP7_75t_R)
    10    6.23   18.52   23.77  127.62 v _33409_/Y (BUFx2_ASAP7_75t_R)
                                         _10118_ (net)
                 18.52    0.00  127.62 v _33410_/A (BUFx2_ASAP7_75t_R)
    10    7.24   20.98   25.48  153.11 v _33410_/Y (BUFx2_ASAP7_75t_R)
                                         _10119_ (net)
                 20.98    0.00  153.11 v _33426_/A (AND2x2_ASAP7_75t_R)
     2    1.26    7.44   19.80  172.90 v _33426_/Y (AND2x2_ASAP7_75t_R)
                                         _10134_ (net)
                  7.44    0.00  172.90 v _33427_/C (OR3x1_ASAP7_75t_R)
     1    0.58    7.93   19.67  192.57 v _33427_/Y (OR3x1_ASAP7_75t_R)
                                         _10135_ (net)
                  7.93    0.00  192.57 v _33428_/A (BUFx2_ASAP7_75t_R)
    10    6.23   18.40   20.93  213.50 v _33428_/Y (BUFx2_ASAP7_75t_R)
                                         _10136_ (net)
                 18.40    0.00  213.50 v _33429_/A (BUFx2_ASAP7_75t_R)
    10   10.47   28.70   29.31  242.81 v _33429_/Y (BUFx2_ASAP7_75t_R)
                                         _10137_ (net)
                 28.70    0.00  242.81 v _33496_/A (NOR2x1_ASAP7_75t_R)
     1    1.01   12.68   11.67  254.48 ^ _33496_/Y (NOR2x1_ASAP7_75t_R)
                                         _10188_ (net)
                 12.68    0.00  254.48 ^ _33497_/B (XNOR2x2_ASAP7_75t_R)
     5    2.86   12.28   28.83  283.31 v _33497_/Y (XNOR2x2_ASAP7_75t_R)
                                         _10189_ (net)
                 12.28    0.00  283.31 v _33613_/A (BUFx2_ASAP7_75t_R)
    10    5.54   16.80   21.46  304.77 v _33613_/Y (BUFx2_ASAP7_75t_R)
                                         _10257_ (net)
                 16.80    0.00  304.77 v _33913_/A (AND2x2_ASAP7_75t_R)
     1    2.24    9.30   20.01  324.78 v _33913_/Y (AND2x2_ASAP7_75t_R)
                                         _06433_ (net)
                  9.30    0.00  324.78 v _44777_/B (FAx1_ASAP7_75t_R)
     1    0.68   24.63   15.93  340.71 ^ _44777_/CON (FAx1_ASAP7_75t_R)
                                         _06435_ (net)
     1    0.68   19.35   11.49  352.20 v _44777_/SN (FAx1_ASAP7_75t_R)
                                         _06436_ (net)
                 19.35    0.00  352.20 v _35435_/A (INVx1_ASAP7_75t_R)
     1    1.65   14.84   12.02  364.22 ^ _35435_/Y (INVx1_ASAP7_75t_R)
                                         _06339_ (net)
                 14.84    0.00  364.22 ^ _44755_/CI (FAx1_ASAP7_75t_R)
     1    0.68   20.23   28.57  392.80 v _44755_/SN (FAx1_ASAP7_75t_R)
                                         _06341_ (net)
                 20.23    0.00  392.80 v _32094_/A (INVx1_ASAP7_75t_R)
     1    1.65   15.07   12.26  405.05 ^ _32094_/Y (INVx1_ASAP7_75t_R)
                                         _03096_ (net)
                 15.07    0.00  405.05 ^ _44108_/CI (FAx1_ASAP7_75t_R)
     1    0.68   20.27   28.64  433.69 v _44108_/SN (FAx1_ASAP7_75t_R)
                                         _03098_ (net)
                 20.27    0.00  433.69 v _32541_/A (INVx1_ASAP7_75t_R)
     1    2.24   18.08   14.12  447.81 ^ _32541_/Y (INVx1_ASAP7_75t_R)
                                         _03100_ (net)
                 18.08    0.00  447.81 ^ _44677_/B (FAx1_ASAP7_75t_R)
     1    0.68   20.27   29.27  477.08 v _44677_/SN (FAx1_ASAP7_75t_R)
                                         _06013_ (net)
                 20.27    0.00  477.08 v _34378_/A (INVx1_ASAP7_75t_R)
     1    1.65   15.08   12.27  489.35 ^ _34378_/Y (INVx1_ASAP7_75t_R)
                                         _06014_ (net)
                 15.08    0.00  489.35 ^ _44830_/CI (FAx1_ASAP7_75t_R)
     1    0.68   20.20   28.64  517.99 v _44830_/SN (FAx1_ASAP7_75t_R)
                                         _06630_ (net)
                 20.20    0.00  517.99 v _33070_/A (INVx1_ASAP7_75t_R)
     1    1.65   15.06   12.25  530.24 ^ _33070_/Y (INVx1_ASAP7_75t_R)
                                         _04424_ (net)
                 15.06    0.00  530.24 ^ _44342_/CI (FAx1_ASAP7_75t_R)
     1    0.68   20.20   28.63  558.87 v _44342_/SN (FAx1_ASAP7_75t_R)
                                         _04426_ (net)
                 20.20    0.00  558.87 v _33386_/A (INVx1_ASAP7_75t_R)
     1    2.24   18.06   14.11  572.98 ^ _33386_/Y (INVx1_ASAP7_75t_R)
                                         _04428_ (net)
                 18.06    0.00  572.98 ^ _44392_/B (FAx1_ASAP7_75t_R)
     1    0.68   20.26   29.26  602.25 v _44392_/SN (FAx1_ASAP7_75t_R)
                                         _04668_ (net)
                 20.26    0.00  602.25 v _32617_/A (INVx1_ASAP7_75t_R)
     1    2.24   18.07   14.12  616.37 ^ _32617_/Y (INVx1_ASAP7_75t_R)
                                         _03250_ (net)
                 18.07    0.00  616.37 ^ _44133_/B (FAx1_ASAP7_75t_R)
     1    0.68   19.06   15.75  632.12 v _44133_/CON (FAx1_ASAP7_75t_R)
                                         _03252_ (net)
     1    0.68   25.57   12.39  644.51 ^ _44133_/SN (FAx1_ASAP7_75t_R)
                                         _03253_ (net)
                 25.57    0.00  644.51 ^ _32798_/A (INVx1_ASAP7_75t_R)
     1    1.01   11.04    9.18  653.69 v _32798_/Y (INVx1_ASAP7_75t_R)
                                         _03255_ (net)
                 11.04    0.00  653.69 v _45137_/B (HAxp5_ASAP7_75t_R)
     3    2.62   32.58   18.76  672.45 ^ _45137_/CON (HAxp5_ASAP7_75t_R)
                                         _07541_ (net)
     1    0.58   12.87   10.37  682.82 v _45137_/SN (HAxp5_ASAP7_75t_R)
                                         _07542_ (net)
                 12.87    0.00  682.82 v _41727_/A (BUFx2_ASAP7_75t_R)
     8    6.71   19.60   23.07  705.89 v _41727_/Y (BUFx2_ASAP7_75t_R)
                                         _15691_ (net)
                 19.60    0.00  705.89 v _41728_/A2 (OA21x2_ASAP7_75t_R)
     6    3.65   14.23   24.72  730.61 v _41728_/Y (OA21x2_ASAP7_75t_R)
                                         _15692_ (net)
                 14.23    0.00  730.61 v _42048_/B (AND2x2_ASAP7_75t_R)
     1    0.43    4.97   15.36  745.97 v _42048_/Y (AND2x2_ASAP7_75t_R)
                                         _16012_ (net)
                  4.97    0.00  745.97 v _42049_/B (OA211x2_ASAP7_75t_R)
     1    0.43    8.70   23.54  769.51 v _42049_/Y (OA211x2_ASAP7_75t_R)
                                         _16013_ (net)
                  8.70    0.00  769.51 v _42050_/B (OA211x2_ASAP7_75t_R)
     1    0.90    9.90   25.67  795.18 v _42050_/Y (OA211x2_ASAP7_75t_R)
                                         _16014_ (net)
                  9.90    0.00  795.18 v _42057_/B (AO211x2_ASAP7_75t_R)
     2    1.71    8.40   18.52  813.70 v _42057_/Y (AO211x2_ASAP7_75t_R)
                                         _16021_ (net)
                  8.40    0.00  813.70 v _42058_/D (OR4x1_ASAP7_75t_R)
     4    2.90   20.82   33.66  847.36 v _42058_/Y (OR4x1_ASAP7_75t_R)
                                         _16022_ (net)
                 20.82    0.00  847.36 v _43640_/B (OR4x1_ASAP7_75t_R)
     1    0.56    9.13   26.35  873.71 v _43640_/Y (OR4x1_ASAP7_75t_R)
                                         _17598_ (net)
                  9.13    0.00  873.71 v _43641_/E (OR5x1_ASAP7_75t_R)
     1    0.63   10.84   31.80  905.51 v _43641_/Y (OR5x1_ASAP7_75t_R)
                                         _17599_ (net)
                 10.84    0.00  905.51 v _43642_/D (OR4x1_ASAP7_75t_R)
     1    0.69    9.78   26.29  931.80 v _43642_/Y (OR4x1_ASAP7_75t_R)
                                         _17600_ (net)
                  9.78    0.00  931.80 v _43643_/A (BUFx3_ASAP7_75t_R)
     8    5.82   12.87   18.09  949.89 v _43643_/Y (BUFx3_ASAP7_75t_R)
                                         _17601_ (net)
                 12.87    0.00  949.89 v _43644_/E (OR5x1_ASAP7_75t_R)
     5    3.78   26.91   43.75  993.65 v _43644_/Y (OR5x1_ASAP7_75t_R)
                                         _17602_ (net)
                 26.91    0.00  993.65 v _43649_/D (OR5x1_ASAP7_75t_R)
     2    1.48   15.62   37.89 1031.54 v _43649_/Y (OR5x1_ASAP7_75t_R)
                                         _17607_ (net)
                 15.62    0.00 1031.54 v _43650_/E (OR5x1_ASAP7_75t_R)
     1    0.92   12.43   34.03 1065.57 v _43650_/Y (OR5x1_ASAP7_75t_R)
                                         _17608_ (net)
                 12.43    0.00 1065.57 v _43651_/B (XNOR2x2_ASAP7_75t_R)
     1    0.65    6.82   18.74 1084.31 v _43651_/Y (XNOR2x2_ASAP7_75t_R)
                                         _17609_ (net)
                  6.82    0.00 1084.31 v _43652_/C1 (AO222x2_ASAP7_75t_R)
     1    0.63    9.17   26.88 1111.20 v _43652_/Y (AO222x2_ASAP7_75t_R)
                                         _17610_ (net)
                  9.17    0.00 1111.20 v _43683_/A2 (AO21x1_ASAP7_75t_R)
     4    2.30   14.74   19.08 1130.27 v _43683_/Y (AO21x1_ASAP7_75t_R)
                                         _17641_ (net)
                 14.74    0.00 1130.27 v _28927_/A1 (OA21x2_ASAP7_75t_R)
     4    2.71   11.39   21.29 1151.56 v _28927_/Y (OA21x2_ASAP7_75t_R)
                                         _22315_ (net)
                 11.39    0.00 1151.56 v _29818_/A (BUFx3_ASAP7_75t_R)
    10    6.12   13.37   18.84 1170.40 v _29818_/Y (BUFx3_ASAP7_75t_R)
                                         _22865_ (net)
                 13.37    0.00 1170.40 v _30325_/A1 (AO21x1_ASAP7_75t_R)
     1    0.62    6.96   16.41 1186.81 v _30325_/Y (AO21x1_ASAP7_75t_R)
                                         _09333_ (net)
                  6.96    0.00 1186.81 v u_regs.regs[19][24]$_DFFE_PP_/D (DFFHQNx1_ASAP7_75t_R)
                               1186.81   data arrival time

                  0.00 2000.00 2000.00   clock clk (rise edge)
                          0.00 2000.00   clock network delay (ideal)
                          0.00 2000.00   clock reconvergence pessimism
                               2000.00 ^ u_regs.regs[19][24]$_DFFE_PP_/CLK (DFFHQNx1_ASAP7_75t_R)
                         -7.83 1992.17   library setup time
                               1992.17   data required time
-----------------------------------------------------------------------------
                               1992.17   data required time
                               -1186.81   data arrival time
-----------------------------------------------------------------------------
                                805.35   slack (MET)



==========================================================================
Post synthesis report_checks -unconstrained
--------------------------------------------------------------------------
Startpoint: u_id_ex.inst_ff.qout_r[12]$_SDFF_PP0_
            (rising edge-triggered flip-flop clocked by clk)
Endpoint: u_regs.regs[19][24]$_DFFE_PP_
          (rising edge-triggered flip-flop clocked by clk)
Path Group: clk
Path Type: max

Fanout     Cap    Slew   Delay    Time   Description
-----------------------------------------------------------------------------
                  0.00    0.00    0.00   clock clk (rise edge)
                          0.00    0.00   clock network delay (ideal)
                  0.00    0.00    0.00 ^ u_id_ex.inst_ff.qout_r[12]$_SDFF_PP0_/CLK (DFFHQNx1_ASAP7_75t_R)
     3    1.91   19.77   36.16   36.16 v u_id_ex.inst_ff.qout_r[12]$_SDFF_PP0_/QN (DFFHQNx1_ASAP7_75t_R)
                                         _01427_ (net)
                 19.77    0.00   36.16 v _32927_/A (BUFx2_ASAP7_75t_R)
    10    7.15   20.75   25.76   61.91 v _32927_/Y (BUFx2_ASAP7_75t_R)
                                         _09937_ (net)
                 20.75    0.00   61.91 v _33407_/A (OR3x1_ASAP7_75t_R)
     1    0.58    8.07   21.74   83.65 v _33407_/Y (OR3x1_ASAP7_75t_R)
                                         _10116_ (net)
                  8.07    0.00   83.65 v _33408_/A (BUFx2_ASAP7_75t_R)
     9    5.61   16.91   20.21  103.86 v _33408_/Y (BUFx2_ASAP7_75t_R)
                                         _10117_ (net)
                 16.91    0.00  103.86 v _33409_/A (BUFx2_ASAP7_75t_R)
    10    6.23   18.52   23.77  127.62 v _33409_/Y (BUFx2_ASAP7_75t_R)
                                         _10118_ (net)
                 18.52    0.00  127.62 v _33410_/A (BUFx2_ASAP7_75t_R)
    10    7.24   20.98   25.48  153.11 v _33410_/Y (BUFx2_ASAP7_75t_R)
                                         _10119_ (net)
                 20.98    0.00  153.11 v _33426_/A (AND2x2_ASAP7_75t_R)
     2    1.26    7.44   19.80  172.90 v _33426_/Y (AND2x2_ASAP7_75t_R)
                                         _10134_ (net)
                  7.44    0.00  172.90 v _33427_/C (OR3x1_ASAP7_75t_R)
     1    0.58    7.93   19.67  192.57 v _33427_/Y (OR3x1_ASAP7_75t_R)
                                         _10135_ (net)
                  7.93    0.00  192.57 v _33428_/A (BUFx2_ASAP7_75t_R)
    10    6.23   18.40   20.93  213.50 v _33428_/Y (BUFx2_ASAP7_75t_R)
                                         _10136_ (net)
                 18.40    0.00  213.50 v _33429_/A (BUFx2_ASAP7_75t_R)
    10   10.47   28.70   29.31  242.81 v _33429_/Y (BUFx2_ASAP7_75t_R)
                                         _10137_ (net)
                 28.70    0.00  242.81 v _33496_/A (NOR2x1_ASAP7_75t_R)
     1    1.01   12.68   11.67  254.48 ^ _33496_/Y (NOR2x1_ASAP7_75t_R)
                                         _10188_ (net)
                 12.68    0.00  254.48 ^ _33497_/B (XNOR2x2_ASAP7_75t_R)
     5    2.86   12.28   28.83  283.31 v _33497_/Y (XNOR2x2_ASAP7_75t_R)
                                         _10189_ (net)
                 12.28    0.00  283.31 v _33613_/A (BUFx2_ASAP7_75t_R)
    10    5.54   16.80   21.46  304.77 v _33613_/Y (BUFx2_ASAP7_75t_R)
                                         _10257_ (net)
                 16.80    0.00  304.77 v _33913_/A (AND2x2_ASAP7_75t_R)
     1    2.24    9.30   20.01  324.78 v _33913_/Y (AND2x2_ASAP7_75t_R)
                                         _06433_ (net)
                  9.30    0.00  324.78 v _44777_/B (FAx1_ASAP7_75t_R)
     1    0.68   24.63   15.93  340.71 ^ _44777_/CON (FAx1_ASAP7_75t_R)
                                         _06435_ (net)
     1    0.68   19.35   11.49  352.20 v _44777_/SN (FAx1_ASAP7_75t_R)
                                         _06436_ (net)
                 19.35    0.00  352.20 v _35435_/A (INVx1_ASAP7_75t_R)
     1    1.65   14.84   12.02  364.22 ^ _35435_/Y (INVx1_ASAP7_75t_R)
                                         _06339_ (net)
                 14.84    0.00  364.22 ^ _44755_/CI (FAx1_ASAP7_75t_R)
     1    0.68   20.23   28.57  392.80 v _44755_/SN (FAx1_ASAP7_75t_R)
                                         _06341_ (net)
                 20.23    0.00  392.80 v _32094_/A (INVx1_ASAP7_75t_R)
     1    1.65   15.07   12.26  405.05 ^ _32094_/Y (INVx1_ASAP7_75t_R)
                                         _03096_ (net)
                 15.07    0.00  405.05 ^ _44108_/CI (FAx1_ASAP7_75t_R)
     1    0.68   20.27   28.64  433.69 v _44108_/SN (FAx1_ASAP7_75t_R)
                                         _03098_ (net)
                 20.27    0.00  433.69 v _32541_/A (INVx1_ASAP7_75t_R)
     1    2.24   18.08   14.12  447.81 ^ _32541_/Y (INVx1_ASAP7_75t_R)
                                         _03100_ (net)
                 18.08    0.00  447.81 ^ _44677_/B (FAx1_ASAP7_75t_R)
     1    0.68   20.27   29.27  477.08 v _44677_/SN (FAx1_ASAP7_75t_R)
                                         _06013_ (net)
                 20.27    0.00  477.08 v _34378_/A (INVx1_ASAP7_75t_R)
     1    1.65   15.08   12.27  489.35 ^ _34378_/Y (INVx1_ASAP7_75t_R)
                                         _06014_ (net)
                 15.08    0.00  489.35 ^ _44830_/CI (FAx1_ASAP7_75t_R)
     1    0.68   20.20   28.64  517.99 v _44830_/SN (FAx1_ASAP7_75t_R)
                                         _06630_ (net)
                 20.20    0.00  517.99 v _33070_/A (INVx1_ASAP7_75t_R)
     1    1.65   15.06   12.25  530.24 ^ _33070_/Y (INVx1_ASAP7_75t_R)
                                         _04424_ (net)
                 15.06    0.00  530.24 ^ _44342_/CI (FAx1_ASAP7_75t_R)
     1    0.68   20.20   28.63  558.87 v _44342_/SN (FAx1_ASAP7_75t_R)
                                         _04426_ (net)
                 20.20    0.00  558.87 v _33386_/A (INVx1_ASAP7_75t_R)
     1    2.24   18.06   14.11  572.98 ^ _33386_/Y (INVx1_ASAP7_75t_R)
                                         _04428_ (net)
                 18.06    0.00  572.98 ^ _44392_/B (FAx1_ASAP7_75t_R)
     1    0.68   20.26   29.26  602.25 v _44392_/SN (FAx1_ASAP7_75t_R)
                                         _04668_ (net)
                 20.26    0.00  602.25 v _32617_/A (INVx1_ASAP7_75t_R)
     1    2.24   18.07   14.12  616.37 ^ _32617_/Y (INVx1_ASAP7_75t_R)
                                         _03250_ (net)
                 18.07    0.00  616.37 ^ _44133_/B (FAx1_ASAP7_75t_R)
     1    0.68   19.06   15.75  632.12 v _44133_/CON (FAx1_ASAP7_75t_R)
                                         _03252_ (net)
     1    0.68   25.57   12.39  644.51 ^ _44133_/SN (FAx1_ASAP7_75t_R)
                                         _03253_ (net)
                 25.57    0.00  644.51 ^ _32798_/A (INVx1_ASAP7_75t_R)
     1    1.01   11.04    9.18  653.69 v _32798_/Y (INVx1_ASAP7_75t_R)
                                         _03255_ (net)
                 11.04    0.00  653.69 v _45137_/B (HAxp5_ASAP7_75t_R)
     3    2.62   32.58   18.76  672.45 ^ _45137_/CON (HAxp5_ASAP7_75t_R)
                                         _07541_ (net)
     1    0.58   12.87   10.37  682.82 v _45137_/SN (HAxp5_ASAP7_75t_R)
                                         _07542_ (net)
                 12.87    0.00  682.82 v _41727_/A (BUFx2_ASAP7_75t_R)
     8    6.71   19.60   23.07  705.89 v _41727_/Y (BUFx2_ASAP7_75t_R)
                                         _15691_ (net)
                 19.60    0.00  705.89 v _41728_/A2 (OA21x2_ASAP7_75t_R)
     6    3.65   14.23   24.72  730.61 v _41728_/Y (OA21x2_ASAP7_75t_R)
                                         _15692_ (net)
                 14.23    0.00  730.61 v _42048_/B (AND2x2_ASAP7_75t_R)
     1    0.43    4.97   15.36  745.97 v _42048_/Y (AND2x2_ASAP7_75t_R)
                                         _16012_ (net)
                  4.97    0.00  745.97 v _42049_/B (OA211x2_ASAP7_75t_R)
     1    0.43    8.70   23.54  769.51 v _42049_/Y (OA211x2_ASAP7_75t_R)
                                         _16013_ (net)
                  8.70    0.00  769.51 v _42050_/B (OA211x2_ASAP7_75t_R)
     1    0.90    9.90   25.67  795.18 v _42050_/Y (OA211x2_ASAP7_75t_R)
                                         _16014_ (net)
                  9.90    0.00  795.18 v _42057_/B (AO211x2_ASAP7_75t_R)
     2    1.71    8.40   18.52  813.70 v _42057_/Y (AO211x2_ASAP7_75t_R)
                                         _16021_ (net)
                  8.40    0.00  813.70 v _42058_/D (OR4x1_ASAP7_75t_R)
     4    2.90   20.82   33.66  847.36 v _42058_/Y (OR4x1_ASAP7_75t_R)
                                         _16022_ (net)
                 20.82    0.00  847.36 v _43640_/B (OR4x1_ASAP7_75t_R)
     1    0.56    9.13   26.35  873.71 v _43640_/Y (OR4x1_ASAP7_75t_R)
                                         _17598_ (net)
                  9.13    0.00  873.71 v _43641_/E (OR5x1_ASAP7_75t_R)
     1    0.63   10.84   31.80  905.51 v _43641_/Y (OR5x1_ASAP7_75t_R)
                                         _17599_ (net)
                 10.84    0.00  905.51 v _43642_/D (OR4x1_ASAP7_75t_R)
     1    0.69    9.78   26.29  931.80 v _43642_/Y (OR4x1_ASAP7_75t_R)
                                         _17600_ (net)
                  9.78    0.00  931.80 v _43643_/A (BUFx3_ASAP7_75t_R)
     8    5.82   12.87   18.09  949.89 v _43643_/Y (BUFx3_ASAP7_75t_R)
                                         _17601_ (net)
                 12.87    0.00  949.89 v _43644_/E (OR5x1_ASAP7_75t_R)
     5    3.78   26.91   43.75  993.65 v _43644_/Y (OR5x1_ASAP7_75t_R)
                                         _17602_ (net)
                 26.91    0.00  993.65 v _43649_/D (OR5x1_ASAP7_75t_R)
     2    1.48   15.62   37.89 1031.54 v _43649_/Y (OR5x1_ASAP7_75t_R)
                                         _17607_ (net)
                 15.62    0.00 1031.54 v _43650_/E (OR5x1_ASAP7_75t_R)
     1    0.92   12.43   34.03 1065.57 v _43650_/Y (OR5x1_ASAP7_75t_R)
                                         _17608_ (net)
                 12.43    0.00 1065.57 v _43651_/B (XNOR2x2_ASAP7_75t_R)
     1    0.65    6.82   18.74 1084.31 v _43651_/Y (XNOR2x2_ASAP7_75t_R)
                                         _17609_ (net)
                  6.82    0.00 1084.31 v _43652_/C1 (AO222x2_ASAP7_75t_R)
     1    0.63    9.17   26.88 1111.20 v _43652_/Y (AO222x2_ASAP7_75t_R)
                                         _17610_ (net)
                  9.17    0.00 1111.20 v _43683_/A2 (AO21x1_ASAP7_75t_R)
     4    2.30   14.74   19.08 1130.27 v _43683_/Y (AO21x1_ASAP7_75t_R)
                                         _17641_ (net)
                 14.74    0.00 1130.27 v _28927_/A1 (OA21x2_ASAP7_75t_R)
     4    2.71   11.39   21.29 1151.56 v _28927_/Y (OA21x2_ASAP7_75t_R)
                                         _22315_ (net)
                 11.39    0.00 1151.56 v _29818_/A (BUFx3_ASAP7_75t_R)
    10    6.12   13.37   18.84 1170.40 v _29818_/Y (BUFx3_ASAP7_75t_R)
                                         _22865_ (net)
                 13.37    0.00 1170.40 v _30325_/A1 (AO21x1_ASAP7_75t_R)
     1    0.62    6.96   16.41 1186.81 v _30325_/Y (AO21x1_ASAP7_75t_R)
                                         _09333_ (net)
                  6.96    0.00 1186.81 v u_regs.regs[19][24]$_DFFE_PP_/D (DFFHQNx1_ASAP7_75t_R)
                               1186.81   data arrival time

                  0.00 2000.00 2000.00   clock clk (rise edge)
                          0.00 2000.00   clock network delay (ideal)
                          0.00 2000.00   clock reconvergence pessimism
                               2000.00 ^ u_regs.regs[19][24]$_DFFE_PP_/CLK (DFFHQNx1_ASAP7_75t_R)
                         -7.83 1992.17   library setup time
                               1992.17   data required time
-----------------------------------------------------------------------------
                               1992.17   data required time
                               -1186.81   data arrival time
-----------------------------------------------------------------------------
                                805.35   slack (MET)



==========================================================================
Post synthesis report_power
--------------------------------------------------------------------------
Group                  Internal  Switching    Leakage      Total
                          Power      Power      Power      Power (Watts)
----------------------------------------------------------------
Sequential             1.64e-03   5.36e-05   3.17e-07   1.70e-03  80.6%
Combinational          2.35e-04   1.70e-04   1.70e-06   4.07e-04  19.4%
Clock                  0.00e+00   0.00e+00   0.00e+00   0.00e+00   0.0%
Macro                  0.00e+00   0.00e+00   0.00e+00   0.00e+00   0.0%
Pad                    0.00e+00   0.00e+00   0.00e+00   0.00e+00   0.0%
----------------------------------------------------------------
Total                  1.88e-03   2.24e-04   2.01e-06   2.10e-03 100.0%
                          89.3%      10.6%       0.1%
