
==========================================================================
Post synthesis report_tns
--------------------------------------------------------------------------
tns max -17.70

==========================================================================
Post synthesis report_wns
--------------------------------------------------------------------------
wns max -15.28

==========================================================================
Post synthesis report_worst_slack
--------------------------------------------------------------------------
worst slack max -15.28

==========================================================================
Post synthesis report_clock_min_period
--------------------------------------------------------------------------
clk period_min = 1443.85 fmax = 692.59

==========================================================================
Post synthesis report_checks -path_delay min
--------------------------------------------------------------------------
Startpoint: data_memory_controller.consumer_read_data[0]$_SDFF_PP0_
            (rising edge-triggered flip-flop clocked by clk)
Endpoint: cores[0].core_lsu_read_data[0]$_DFF_P_
          (rising edge-triggered flip-flop clocked by clk)
Path Group: clk
Path Type: min

Fanout     Cap    Slew   Delay    Time   Description
-----------------------------------------------------------------------------
                  0.00    0.00    0.00   clock clk (rise edge)
                          0.00    0.00   clock network delay (ideal)
                  0.00    0.00    0.00 ^ data_memory_controller.consumer_read_data[0]$_SDFF_PP0_/CLK (DFFHQNx1_ASAP7_75t_R)
     1    0.51   11.24   31.22   31.22 ^ data_memory_controller.consumer_read_data[0]$_SDFF_PP0_/QN (DFFHQNx1_ASAP7_75t_R)
                                         _01607_ (net)
                 11.24    0.00   31.22 ^ _19341_/A (INVx1_ASAP7_75t_R)
     2    0.88    7.46    6.56   37.77 v _19341_/Y (INVx1_ASAP7_75t_R)
                                         data_memory_controller.consumer_read_data[0] (net)
                  7.46    0.00   37.77 v cores[0].core_lsu_read_data[0]$_DFF_P_/D (DFFHQNx1_ASAP7_75t_R)
                                 37.77   data arrival time

                  0.00    0.00    0.00   clock clk (rise edge)
                          0.00    0.00   clock network delay (ideal)
                          0.00    0.00   clock reconvergence pessimism
                                  0.00 ^ cores[0].core_lsu_read_data[0]$_DFF_P_/CLK (DFFHQNx1_ASAP7_75t_R)
                          8.52    8.52   library hold time
                                  8.52   data required time
-----------------------------------------------------------------------------
                                  8.52   data required time
                                -37.77   data arrival time
-----------------------------------------------------------------------------
                                 29.26   slack (MET)



==========================================================================
Post synthesis report_checks -path_delay max
--------------------------------------------------------------------------
Startpoint: cores[1].core_instance.threads[0].register_instance.rt[4]$_SDFFE_PP0P_
            (rising edge-triggered flip-flop clocked by clk)
Endpoint: cores[1].core_instance.threads[0].alu_instance.alu_out_reg[0]$_SDFFE_PP0P_
          (rising edge-triggered flip-flop clocked by clk)
Path Group: clk
Path Type: max

Fanout     Cap    Slew   Delay    Time   Description
-----------------------------------------------------------------------------
                  0.00    0.00    0.00   clock clk (rise edge)
                          0.00    0.00   clock network delay (ideal)
                  0.00    0.00    0.00 ^ cores[1].core_instance.threads[0].register_instance.rt[4]$_SDFFE_PP0P_/CLK (DFFHQNx1_ASAP7_75t_R)
     6    5.38   39.88   48.90   48.90 ^ cores[1].core_instance.threads[0].register_instance.rt[4]$_SDFFE_PP0P_/QN (DFFHQNx1_ASAP7_75t_R)
                                         _03124_ (net)
                 39.88    0.00   48.90 ^ _19671_/A (BUFx2_ASAP7_75t_R)
     8    7.11   24.59   29.11   78.01 ^ _19671_/Y (BUFx2_ASAP7_75t_R)
                                         _17367_ (net)
                 24.59    0.00   78.01 ^ _19672_/B (AND2x2_ASAP7_75t_R)
     3    1.90   10.15   20.28   98.29 ^ _19672_/Y (AND2x2_ASAP7_75t_R)
                                         _17368_ (net)
                 10.15    0.00   98.29 ^ _19673_/D (AND4x1_ASAP7_75t_R)
     3    1.73   17.17   26.02  124.31 ^ _19673_/Y (AND4x1_ASAP7_75t_R)
                                         _17369_ (net)
                 17.17    0.00  124.31 ^ _19675_/C (AND4x1_ASAP7_75t_R)
     3    2.23   20.14   28.53  152.84 ^ _19675_/Y (AND4x1_ASAP7_75t_R)
                                         _17371_ (net)
                 20.14    0.00  152.84 ^ _19676_/B (NOR2x1_ASAP7_75t_R)
     1    0.63   12.93    8.51  161.35 v _19676_/Y (NOR2x1_ASAP7_75t_R)
                                         _17372_ (net)
                 12.93    0.00  161.35 v _19677_/B (AO21x1_ASAP7_75t_R)
     2    1.70   12.19   19.59  180.94 v _19677_/Y (AO21x1_ASAP7_75t_R)
                                         _02864_ (net)
                 12.19    0.00  180.94 v _34630_/A (HAxp5_ASAP7_75t_R)
     2    1.89   28.85   34.34  215.28 v _34630_/SN (HAxp5_ASAP7_75t_R)
                                         _02866_ (net)
                 28.85    0.00  215.28 v _19679_/B (AOI21x1_ASAP7_75t_R)
     2    1.81   20.81   16.78  232.06 ^ _19679_/Y (AOI21x1_ASAP7_75t_R)
                                         _17374_ (net)
                 20.81    0.00  232.06 ^ _19680_/A2 (OA211x2_ASAP7_75t_R)
     1    0.58    7.80   21.41  253.47 ^ _19680_/Y (OA211x2_ASAP7_75t_R)
                                         _17375_ (net)
                  7.80    0.00  253.47 ^ _19681_/A (BUFx2_ASAP7_75t_R)
     5    5.10   18.07   19.17  272.64 ^ _19681_/Y (BUFx2_ASAP7_75t_R)
                                         _17376_ (net)
                 18.07    0.00  272.64 ^ _20003_/B (NOR2x1_ASAP7_75t_R)
     1    0.63   14.20    8.18  280.82 v _20003_/Y (NOR2x1_ASAP7_75t_R)
                                         _17640_ (net)
                 14.20    0.00  280.82 v _20004_/B (AO21x1_ASAP7_75t_R)
     2    1.73   12.46   19.94  300.76 v _20004_/Y (AO21x1_ASAP7_75t_R)
                                         _03481_ (net)
                 12.46    0.00  300.76 v _34841_/A (HAxp5_ASAP7_75t_R)
     2    1.19   31.20   14.03  314.79 ^ _34841_/CON (HAxp5_ASAP7_75t_R)
                                         _03482_ (net)
     2    1.29   23.75   13.99  328.79 v _34841_/SN (HAxp5_ASAP7_75t_R)
                                         _03483_ (net)
                 23.75    0.00  328.79 v _19685_/B (AO21x1_ASAP7_75t_R)
     3    1.82   12.88   22.03  350.82 v _19685_/Y (AO21x1_ASAP7_75t_R)
                                         _17379_ (net)
                 12.88    0.00  350.82 v _19686_/A2 (AO21x1_ASAP7_75t_R)
     1    0.63    7.45   15.38  366.20 v _19686_/Y (AO21x1_ASAP7_75t_R)
                                         _17380_ (net)
                  7.45    0.00  366.20 v _19688_/A2 (AO21x1_ASAP7_75t_R)
     6    4.27   24.01   23.46  389.65 v _19688_/Y (AO21x1_ASAP7_75t_R)
                                         _17382_ (net)
                 24.01    0.00  389.65 v _19993_/B (AND2x2_ASAP7_75t_R)
     1    0.63    5.70   18.47  408.13 v _19993_/Y (AND2x2_ASAP7_75t_R)
                                         _17633_ (net)
                  5.70    0.00  408.13 v _19994_/B (AO21x1_ASAP7_75t_R)
     2    1.73   12.35   18.10  426.22 v _19994_/Y (AO21x1_ASAP7_75t_R)
                                         _04172_ (net)
                 12.35    0.00  426.22 v _35098_/A (HAxp5_ASAP7_75t_R)
     2    1.27   23.58   27.75  453.98 v _35098_/SN (HAxp5_ASAP7_75t_R)
                                         _04174_ (net)
                 23.58    0.00  453.98 v _19698_/B (AO21x1_ASAP7_75t_R)
     2    1.19    9.95   20.21  474.19 v _19698_/Y (AO21x1_ASAP7_75t_R)
                                         _17391_ (net)
                  9.95    0.00  474.19 v _19699_/B (AND2x2_ASAP7_75t_R)
     2    1.57    8.08   15.75  489.94 v _19699_/Y (AND2x2_ASAP7_75t_R)
                                         _17392_ (net)
                  8.08    0.00  489.94 v _19700_/A2 (OA21x2_ASAP7_75t_R)
     2    1.57    8.72   17.97  507.91 v _19700_/Y (OA21x2_ASAP7_75t_R)
                                         _17393_ (net)
                  8.72    0.00  507.91 v _19701_/A2 (OA21x2_ASAP7_75t_R)
     1    0.65    6.44   16.58  524.49 v _19701_/Y (OA21x2_ASAP7_75t_R)
                                         _17394_ (net)
                  6.44    0.00  524.49 v _19702_/C (OR3x1_ASAP7_75t_R)
     1    0.58    7.94   19.49  543.98 v _19702_/Y (OR3x1_ASAP7_75t_R)
                                         _17395_ (net)
                  7.94    0.00  543.98 v _19703_/A (BUFx2_ASAP7_75t_R)
     8    5.93   17.68   20.57  564.56 v _19703_/Y (BUFx2_ASAP7_75t_R)
                                         _17396_ (net)
                 17.68    0.00  564.56 v _20110_/B (AND2x2_ASAP7_75t_R)
     1    0.63    5.78   16.78  581.34 v _20110_/Y (AND2x2_ASAP7_75t_R)
                                         _17724_ (net)
                  5.78    0.00  581.34 v _20111_/B (AO21x1_ASAP7_75t_R)
     2    1.73   12.35   18.11  599.45 v _20111_/Y (AO21x1_ASAP7_75t_R)
                                         _03075_ (net)
                 12.35    0.00  599.45 v _34703_/A (HAxp5_ASAP7_75t_R)
     2    1.27   23.58   27.75  627.20 v _34703_/SN (HAxp5_ASAP7_75t_R)
                                         _03077_ (net)
                 23.58    0.00  627.20 v _19805_/B (AO21x1_ASAP7_75t_R)
     2    1.19    9.95   20.21  647.42 v _19805_/Y (AO21x1_ASAP7_75t_R)
                                         _17478_ (net)
                  9.95    0.00  647.42 v _19806_/B (AND2x2_ASAP7_75t_R)
     2    1.57    8.08   15.75  663.17 v _19806_/Y (AND2x2_ASAP7_75t_R)
                                         _17479_ (net)
                  8.08    0.00  663.17 v _19807_/A2 (OA21x2_ASAP7_75t_R)
     2    1.72    9.10   18.24  681.40 v _19807_/Y (OA21x2_ASAP7_75t_R)
                                         _17480_ (net)
                  9.10    0.00  681.40 v _19808_/A2 (OA21x2_ASAP7_75t_R)
     2    1.49    8.49   18.12  699.53 v _19808_/Y (OA21x2_ASAP7_75t_R)
                                         _17481_ (net)
                  8.49    0.00  699.53 v _19809_/B (OR2x2_ASAP7_75t_R)
     1    0.63    6.30   15.89  715.42 v _19809_/Y (OR2x2_ASAP7_75t_R)
                                         _17482_ (net)
                  6.30    0.00  715.42 v _19810_/A2 (AO21x1_ASAP7_75t_R)
     1    0.58    6.91   13.45  728.87 v _19810_/Y (AO21x1_ASAP7_75t_R)
                                         _17483_ (net)
                  6.91    0.00  728.87 v _19811_/A (BUFx2_ASAP7_75t_R)
    10    7.63   21.78   22.29  751.16 v _19811_/Y (BUFx2_ASAP7_75t_R)
                                         _17484_ (net)
                 21.78    0.00  751.16 v _19813_/B (AND2x2_ASAP7_75t_R)
     1    0.63    6.00   17.94  769.10 v _19813_/Y (AND2x2_ASAP7_75t_R)
                                         _17486_ (net)
                  6.00    0.00  769.10 v _19814_/B (AO21x1_ASAP7_75t_R)
     2    1.70   12.21   18.08  787.18 v _19814_/Y (AO21x1_ASAP7_75t_R)
                                         _03403_ (net)
                 12.21    0.00  787.18 v _34812_/A (HAxp5_ASAP7_75t_R)
     2    1.27   23.58   27.71  814.89 v _34812_/SN (HAxp5_ASAP7_75t_R)
                                         _03405_ (net)
                 23.58    0.00  814.89 v _20085_/B (AO21x1_ASAP7_75t_R)
     2    1.19    9.88   20.21  835.10 v _20085_/Y (AO21x1_ASAP7_75t_R)
                                         _17701_ (net)
                  9.88    0.00  835.10 v _20086_/B (AND2x2_ASAP7_75t_R)
     2    1.57    8.08   15.73  850.83 v _20086_/Y (AND2x2_ASAP7_75t_R)
                                         _17702_ (net)
                  8.08    0.00  850.83 v _20087_/A2 (OA21x2_ASAP7_75t_R)
     2    1.72    9.10   18.24  869.07 v _20087_/Y (OA21x2_ASAP7_75t_R)
                                         _17703_ (net)
                  9.10    0.00  869.07 v _20088_/A2 (OA21x2_ASAP7_75t_R)
     2    1.57    8.68   18.25  887.32 v _20088_/Y (OA21x2_ASAP7_75t_R)
                                         _17704_ (net)
                  8.68    0.00  887.32 v _20089_/A2 (OA21x2_ASAP7_75t_R)
     2    1.57    8.68   18.13  905.45 v _20089_/Y (OA21x2_ASAP7_75t_R)
                                         _17705_ (net)
                  8.68    0.00  905.45 v _20090_/A2 (OA21x2_ASAP7_75t_R)
     1    0.65    6.43   16.57  922.02 v _20090_/Y (OA21x2_ASAP7_75t_R)
                                         _17706_ (net)
                  6.43    0.00  922.02 v _20091_/C (OR3x1_ASAP7_75t_R)
     1    0.58    8.18   19.49  941.51 v _20091_/Y (OR3x1_ASAP7_75t_R)
                                         _17707_ (net)
                  8.18    0.00  941.51 v _20092_/A (BUFx2_ASAP7_75t_R)
    10    7.58   21.67   22.64  964.16 v _20092_/Y (BUFx2_ASAP7_75t_R)
                                         _17708_ (net)
                 21.67    0.00  964.16 v _20416_/A (INVx1_ASAP7_75t_R)
     4    3.01   22.40   16.86  981.02 ^ _20416_/Y (INVx1_ASAP7_75t_R)
                                         _17913_ (net)
                 22.40    0.00  981.02 ^ _24135_/A2 (AO21x1_ASAP7_75t_R)
     2    1.72   13.97   19.40 1000.42 ^ _24135_/Y (AO21x1_ASAP7_75t_R)
                                         _03851_ (net)
                 13.97    0.00 1000.42 ^ _34974_/A (HAxp5_ASAP7_75t_R)
     3    2.25   31.80   38.73 1039.15 v _34974_/SN (HAxp5_ASAP7_75t_R)
                                         _03853_ (net)
                 31.80    0.00 1039.15 v _20096_/B (AO21x1_ASAP7_75t_R)
     1    0.58    7.05   19.64 1058.79 v _20096_/Y (AO21x1_ASAP7_75t_R)
                                         _17711_ (net)
                  7.05    0.00 1058.79 v _20097_/B (AND2x2_ASAP7_75t_R)
     2    1.57    8.33   14.80 1073.59 v _20097_/Y (AND2x2_ASAP7_75t_R)
                                         _17712_ (net)
                  8.33    0.00 1073.59 v _20098_/A2 (OA21x2_ASAP7_75t_R)
     1    0.65    6.62   16.47 1090.06 v _20098_/Y (OA21x2_ASAP7_75t_R)
                                         _17713_ (net)
                  6.62    0.00 1090.06 v _20099_/A2 (OA21x2_ASAP7_75t_R)
     2    1.49    8.68   17.43 1107.49 v _20099_/Y (OA21x2_ASAP7_75t_R)
                                         _17714_ (net)
                  8.68    0.00 1107.49 v _20100_/B (OR2x2_ASAP7_75t_R)
     1    0.63    6.48   15.95 1123.44 v _20100_/Y (OR2x2_ASAP7_75t_R)
                                         _17715_ (net)
                  6.48    0.00 1123.44 v _20101_/A2 (AO21x1_ASAP7_75t_R)
     2    1.21    9.95   15.41 1138.85 v _20101_/Y (AO21x1_ASAP7_75t_R)
                                         _17716_ (net)
                  9.95    0.00 1138.85 v _20102_/A2 (AO21x1_ASAP7_75t_R)
     1    0.63    7.26   14.62 1153.47 v _20102_/Y (AO21x1_ASAP7_75t_R)
                                         _17717_ (net)
                  7.26    0.00 1153.47 v _20103_/A2 (AO21x1_ASAP7_75t_R)
     1    0.58    6.97   13.71 1167.18 v _20103_/Y (AO21x1_ASAP7_75t_R)
                                         _17718_ (net)
                  6.97    0.00 1167.18 v _20104_/A (BUFx2_ASAP7_75t_R)
     6    6.01   17.88   20.36 1187.54 v _20104_/Y (BUFx2_ASAP7_75t_R)
                                         _17719_ (net)
                 17.88    0.00 1187.54 v _20105_/A (BUFx2_ASAP7_75t_R)
    10    7.60   21.82   25.71 1213.25 v _20105_/Y (BUFx2_ASAP7_75t_R)
                                         _17720_ (net)
                 21.82    0.00 1213.25 v _24139_/B (NAND2x1_ASAP7_75t_R)
     1    0.64   12.94   10.01 1223.26 ^ _24139_/Y (NAND2x1_ASAP7_75t_R)
                                         _08852_ (net)
                 12.94    0.00 1223.26 ^ _24140_/B (OA21x2_ASAP7_75t_R)
     1    1.09    8.17   17.05 1240.31 ^ _24140_/Y (OA21x2_ASAP7_75t_R)
                                         _03784_ (net)
                  8.17    0.00 1240.31 ^ _34945_/A (HAxp5_ASAP7_75t_R)
     1    0.63   17.94   19.52 1259.83 v _34945_/SN (HAxp5_ASAP7_75t_R)
                                         _03786_ (net)
                 17.94    0.00 1259.83 v _29004_/B (AO21x1_ASAP7_75t_R)
     1    0.63    7.58   17.50 1277.33 v _29004_/Y (AO21x1_ASAP7_75t_R)
                                         _13105_ (net)
                  7.58    0.00 1277.33 v _29005_/A2 (AO21x1_ASAP7_75t_R)
     1    0.63    7.30   13.97 1291.30 v _29005_/Y (AO21x1_ASAP7_75t_R)
                                         _13106_ (net)
                  7.30    0.00 1291.30 v _29006_/A2 (AO21x1_ASAP7_75t_R)
     1    0.63    7.22   13.89 1305.19 v _29006_/Y (AO21x1_ASAP7_75t_R)
                                         _13107_ (net)
                  7.22    0.00 1305.19 v _29007_/A2 (AO21x1_ASAP7_75t_R)
     1    0.63    7.20   13.87 1319.07 v _29007_/Y (AO21x1_ASAP7_75t_R)
                                         _13108_ (net)
                  7.20    0.00 1319.07 v _29008_/A2 (AO21x1_ASAP7_75t_R)
     1    0.63    7.17   13.87 1332.93 v _29008_/Y (AO21x1_ASAP7_75t_R)
                                         _13109_ (net)
                  7.17    0.00 1332.93 v _29009_/A2 (AO21x1_ASAP7_75t_R)
     1    0.63    7.13   13.86 1346.79 v _29009_/Y (AO21x1_ASAP7_75t_R)
                                         _13110_ (net)
                  7.13    0.00 1346.79 v _29010_/A2 (AO21x1_ASAP7_75t_R)
     1    0.63    7.23   13.85 1360.64 v _29010_/Y (AO21x1_ASAP7_75t_R)
                                         _13111_ (net)
                  7.23    0.00 1360.64 v _29011_/A2 (AO21x1_ASAP7_75t_R)
     1    0.44    6.31   13.29 1373.93 v _29011_/Y (AO21x1_ASAP7_75t_R)
                                         _13112_ (net)
                  6.31    0.00 1373.93 v _29012_/C (OA211x2_ASAP7_75t_R)
     1    1.23   10.74   27.13 1401.05 v _29012_/Y (OA211x2_ASAP7_75t_R)
                                         _13113_ (net)
                 10.74    0.00 1401.05 v _29013_/B2 (OAI22x1_ASAP7_75t_R)
     1    0.58   20.64   10.39 1411.45 ^ _29013_/Y (OAI22x1_ASAP7_75t_R)
                                         _13114_ (net)
                 20.64    0.00 1411.45 ^ _29014_/B (AND2x2_ASAP7_75t_R)
     1    0.62    6.37   17.37 1428.81 ^ _29014_/Y (AND2x2_ASAP7_75t_R)
                                         _05189_ (net)
                  6.37    0.00 1428.81 ^ cores[1].core_instance.threads[0].alu_instance.alu_out_reg[0]$_SDFFE_PP0P_/D (DFFHQNx1_ASAP7_75t_R)
                               1428.81   data arrival time

                  0.00 1428.57 1428.57   clock clk (rise edge)
                          0.00 1428.57   clock network delay (ideal)
                          0.00 1428.57   clock reconvergence pessimism
                               1428.57 ^ cores[1].core_instance.threads[0].alu_instance.alu_out_reg[0]$_SDFFE_PP0P_/CLK (DFFHQNx1_ASAP7_75t_R)
                        -15.03 1413.54   library setup time
                               1413.54   data required time
-----------------------------------------------------------------------------
                               1413.54   data required time
                               -1428.81   data arrival time
-----------------------------------------------------------------------------
                                -15.28   slack (VIOLATED)



==========================================================================
Post synthesis report_checks -unconstrained
--------------------------------------------------------------------------
Startpoint: cores[1].core_instance.threads[0].register_instance.rt[4]$_SDFFE_PP0P_
            (rising edge-triggered flip-flop clocked by clk)
Endpoint: cores[1].core_instance.threads[0].alu_instance.alu_out_reg[0]$_SDFFE_PP0P_
          (rising edge-triggered flip-flop clocked by clk)
Path Group: clk
Path Type: max

Fanout     Cap    Slew   Delay    Time   Description
-----------------------------------------------------------------------------
                  0.00    0.00    0.00   clock clk (rise edge)
                          0.00    0.00   clock network delay (ideal)
                  0.00    0.00    0.00 ^ cores[1].core_instance.threads[0].register_instance.rt[4]$_SDFFE_PP0P_/CLK (DFFHQNx1_ASAP7_75t_R)
     6    5.38   39.88   48.90   48.90 ^ cores[1].core_instance.threads[0].register_instance.rt[4]$_SDFFE_PP0P_/QN (DFFHQNx1_ASAP7_75t_R)
                                         _03124_ (net)
                 39.88    0.00   48.90 ^ _19671_/A (BUFx2_ASAP7_75t_R)
     8    7.11   24.59   29.11   78.01 ^ _19671_/Y (BUFx2_ASAP7_75t_R)
                                         _17367_ (net)
                 24.59    0.00   78.01 ^ _19672_/B (AND2x2_ASAP7_75t_R)
     3    1.90   10.15   20.28   98.29 ^ _19672_/Y (AND2x2_ASAP7_75t_R)
                                         _17368_ (net)
                 10.15    0.00   98.29 ^ _19673_/D (AND4x1_ASAP7_75t_R)
     3    1.73   17.17   26.02  124.31 ^ _19673_/Y (AND4x1_ASAP7_75t_R)
                                         _17369_ (net)
                 17.17    0.00  124.31 ^ _19675_/C (AND4x1_ASAP7_75t_R)
     3    2.23   20.14   28.53  152.84 ^ _19675_/Y (AND4x1_ASAP7_75t_R)
                                         _17371_ (net)
                 20.14    0.00  152.84 ^ _19676_/B (NOR2x1_ASAP7_75t_R)
     1    0.63   12.93    8.51  161.35 v _19676_/Y (NOR2x1_ASAP7_75t_R)
                                         _17372_ (net)
                 12.93    0.00  161.35 v _19677_/B (AO21x1_ASAP7_75t_R)
     2    1.70   12.19   19.59  180.94 v _19677_/Y (AO21x1_ASAP7_75t_R)
                                         _02864_ (net)
                 12.19    0.00  180.94 v _34630_/A (HAxp5_ASAP7_75t_R)
     2    1.89   28.85   34.34  215.28 v _34630_/SN (HAxp5_ASAP7_75t_R)
                                         _02866_ (net)
                 28.85    0.00  215.28 v _19679_/B (AOI21x1_ASAP7_75t_R)
     2    1.81   20.81   16.78  232.06 ^ _19679_/Y (AOI21x1_ASAP7_75t_R)
                                         _17374_ (net)
                 20.81    0.00  232.06 ^ _19680_/A2 (OA211x2_ASAP7_75t_R)
     1    0.58    7.80   21.41  253.47 ^ _19680_/Y (OA211x2_ASAP7_75t_R)
                                         _17375_ (net)
                  7.80    0.00  253.47 ^ _19681_/A (BUFx2_ASAP7_75t_R)
     5    5.10   18.07   19.17  272.64 ^ _19681_/Y (BUFx2_ASAP7_75t_R)
                                         _17376_ (net)
                 18.07    0.00  272.64 ^ _20003_/B (NOR2x1_ASAP7_75t_R)
     1    0.63   14.20    8.18  280.82 v _20003_/Y (NOR2x1_ASAP7_75t_R)
                                         _17640_ (net)
                 14.20    0.00  280.82 v _20004_/B (AO21x1_ASAP7_75t_R)
     2    1.73   12.46   19.94  300.76 v _20004_/Y (AO21x1_ASAP7_75t_R)
                                         _03481_ (net)
                 12.46    0.00  300.76 v _34841_/A (HAxp5_ASAP7_75t_R)
     2    1.19   31.20   14.03  314.79 ^ _34841_/CON (HAxp5_ASAP7_75t_R)
                                         _03482_ (net)
     2    1.29   23.75   13.99  328.79 v _34841_/SN (HAxp5_ASAP7_75t_R)
                                         _03483_ (net)
                 23.75    0.00  328.79 v _19685_/B (AO21x1_ASAP7_75t_R)
     3    1.82   12.88   22.03  350.82 v _19685_/Y (AO21x1_ASAP7_75t_R)
                                         _17379_ (net)
                 12.88    0.00  350.82 v _19686_/A2 (AO21x1_ASAP7_75t_R)
     1    0.63    7.45   15.38  366.20 v _19686_/Y (AO21x1_ASAP7_75t_R)
                                         _17380_ (net)
                  7.45    0.00  366.20 v _19688_/A2 (AO21x1_ASAP7_75t_R)
     6    4.27   24.01   23.46  389.65 v _19688_/Y (AO21x1_ASAP7_75t_R)
                                         _17382_ (net)
                 24.01    0.00  389.65 v _19993_/B (AND2x2_ASAP7_75t_R)
     1    0.63    5.70   18.47  408.13 v _19993_/Y (AND2x2_ASAP7_75t_R)
                                         _17633_ (net)
                  5.70    0.00  408.13 v _19994_/B (AO21x1_ASAP7_75t_R)
     2    1.73   12.35   18.10  426.22 v _19994_/Y (AO21x1_ASAP7_75t_R)
                                         _04172_ (net)
                 12.35    0.00  426.22 v _35098_/A (HAxp5_ASAP7_75t_R)
     2    1.27   23.58   27.75  453.98 v _35098_/SN (HAxp5_ASAP7_75t_R)
                                         _04174_ (net)
                 23.58    0.00  453.98 v _19698_/B (AO21x1_ASAP7_75t_R)
     2    1.19    9.95   20.21  474.19 v _19698_/Y (AO21x1_ASAP7_75t_R)
                                         _17391_ (net)
                  9.95    0.00  474.19 v _19699_/B (AND2x2_ASAP7_75t_R)
     2    1.57    8.08   15.75  489.94 v _19699_/Y (AND2x2_ASAP7_75t_R)
                                         _17392_ (net)
                  8.08    0.00  489.94 v _19700_/A2 (OA21x2_ASAP7_75t_R)
     2    1.57    8.72   17.97  507.91 v _19700_/Y (OA21x2_ASAP7_75t_R)
                                         _17393_ (net)
                  8.72    0.00  507.91 v _19701_/A2 (OA21x2_ASAP7_75t_R)
     1    0.65    6.44   16.58  524.49 v _19701_/Y (OA21x2_ASAP7_75t_R)
                                         _17394_ (net)
                  6.44    0.00  524.49 v _19702_/C (OR3x1_ASAP7_75t_R)
     1    0.58    7.94   19.49  543.98 v _19702_/Y (OR3x1_ASAP7_75t_R)
                                         _17395_ (net)
                  7.94    0.00  543.98 v _19703_/A (BUFx2_ASAP7_75t_R)
     8    5.93   17.68   20.57  564.56 v _19703_/Y (BUFx2_ASAP7_75t_R)
                                         _17396_ (net)
                 17.68    0.00  564.56 v _20110_/B (AND2x2_ASAP7_75t_R)
     1    0.63    5.78   16.78  581.34 v _20110_/Y (AND2x2_ASAP7_75t_R)
                                         _17724_ (net)
                  5.78    0.00  581.34 v _20111_/B (AO21x1_ASAP7_75t_R)
     2    1.73   12.35   18.11  599.45 v _20111_/Y (AO21x1_ASAP7_75t_R)
                                         _03075_ (net)
                 12.35    0.00  599.45 v _34703_/A (HAxp5_ASAP7_75t_R)
     2    1.27   23.58   27.75  627.20 v _34703_/SN (HAxp5_ASAP7_75t_R)
                                         _03077_ (net)
                 23.58    0.00  627.20 v _19805_/B (AO21x1_ASAP7_75t_R)
     2    1.19    9.95   20.21  647.42 v _19805_/Y (AO21x1_ASAP7_75t_R)
                                         _17478_ (net)
                  9.95    0.00  647.42 v _19806_/B (AND2x2_ASAP7_75t_R)
     2    1.57    8.08   15.75  663.17 v _19806_/Y (AND2x2_ASAP7_75t_R)
                                         _17479_ (net)
                  8.08    0.00  663.17 v _19807_/A2 (OA21x2_ASAP7_75t_R)
     2    1.72    9.10   18.24  681.40 v _19807_/Y (OA21x2_ASAP7_75t_R)
                                         _17480_ (net)
                  9.10    0.00  681.40 v _19808_/A2 (OA21x2_ASAP7_75t_R)
     2    1.49    8.49   18.12  699.53 v _19808_/Y (OA21x2_ASAP7_75t_R)
                                         _17481_ (net)
                  8.49    0.00  699.53 v _19809_/B (OR2x2_ASAP7_75t_R)
     1    0.63    6.30   15.89  715.42 v _19809_/Y (OR2x2_ASAP7_75t_R)
                                         _17482_ (net)
                  6.30    0.00  715.42 v _19810_/A2 (AO21x1_ASAP7_75t_R)
     1    0.58    6.91   13.45  728.87 v _19810_/Y (AO21x1_ASAP7_75t_R)
                                         _17483_ (net)
                  6.91    0.00  728.87 v _19811_/A (BUFx2_ASAP7_75t_R)
    10    7.63   21.78   22.29  751.16 v _19811_/Y (BUFx2_ASAP7_75t_R)
                                         _17484_ (net)
                 21.78    0.00  751.16 v _19813_/B (AND2x2_ASAP7_75t_R)
     1    0.63    6.00   17.94  769.10 v _19813_/Y (AND2x2_ASAP7_75t_R)
                                         _17486_ (net)
                  6.00    0.00  769.10 v _19814_/B (AO21x1_ASAP7_75t_R)
     2    1.70   12.21   18.08  787.18 v _19814_/Y (AO21x1_ASAP7_75t_R)
                                         _03403_ (net)
                 12.21    0.00  787.18 v _34812_/A (HAxp5_ASAP7_75t_R)
     2    1.27   23.58   27.71  814.89 v _34812_/SN (HAxp5_ASAP7_75t_R)
                                         _03405_ (net)
                 23.58    0.00  814.89 v _20085_/B (AO21x1_ASAP7_75t_R)
     2    1.19    9.88   20.21  835.10 v _20085_/Y (AO21x1_ASAP7_75t_R)
                                         _17701_ (net)
                  9.88    0.00  835.10 v _20086_/B (AND2x2_ASAP7_75t_R)
     2    1.57    8.08   15.73  850.83 v _20086_/Y (AND2x2_ASAP7_75t_R)
                                         _17702_ (net)
                  8.08    0.00  850.83 v _20087_/A2 (OA21x2_ASAP7_75t_R)
     2    1.72    9.10   18.24  869.07 v _20087_/Y (OA21x2_ASAP7_75t_R)
                                         _17703_ (net)
                  9.10    0.00  869.07 v _20088_/A2 (OA21x2_ASAP7_75t_R)
     2    1.57    8.68   18.25  887.32 v _20088_/Y (OA21x2_ASAP7_75t_R)
                                         _17704_ (net)
                  8.68    0.00  887.32 v _20089_/A2 (OA21x2_ASAP7_75t_R)
     2    1.57    8.68   18.13  905.45 v _20089_/Y (OA21x2_ASAP7_75t_R)
                                         _17705_ (net)
                  8.68    0.00  905.45 v _20090_/A2 (OA21x2_ASAP7_75t_R)
     1    0.65    6.43   16.57  922.02 v _20090_/Y (OA21x2_ASAP7_75t_R)
                                         _17706_ (net)
                  6.43    0.00  922.02 v _20091_/C (OR3x1_ASAP7_75t_R)
     1    0.58    8.18   19.49  941.51 v _20091_/Y (OR3x1_ASAP7_75t_R)
                                         _17707_ (net)
                  8.18    0.00  941.51 v _20092_/A (BUFx2_ASAP7_75t_R)
    10    7.58   21.67   22.64  964.16 v _20092_/Y (BUFx2_ASAP7_75t_R)
                                         _17708_ (net)
                 21.67    0.00  964.16 v _20416_/A (INVx1_ASAP7_75t_R)
     4    3.01   22.40   16.86  981.02 ^ _20416_/Y (INVx1_ASAP7_75t_R)
                                         _17913_ (net)
                 22.40    0.00  981.02 ^ _24135_/A2 (AO21x1_ASAP7_75t_R)
     2    1.72   13.97   19.40 1000.42 ^ _24135_/Y (AO21x1_ASAP7_75t_R)
                                         _03851_ (net)
                 13.97    0.00 1000.42 ^ _34974_/A (HAxp5_ASAP7_75t_R)
     3    2.25   31.80   38.73 1039.15 v _34974_/SN (HAxp5_ASAP7_75t_R)
                                         _03853_ (net)
                 31.80    0.00 1039.15 v _20096_/B (AO21x1_ASAP7_75t_R)
     1    0.58    7.05   19.64 1058.79 v _20096_/Y (AO21x1_ASAP7_75t_R)
                                         _17711_ (net)
                  7.05    0.00 1058.79 v _20097_/B (AND2x2_ASAP7_75t_R)
     2    1.57    8.33   14.80 1073.59 v _20097_/Y (AND2x2_ASAP7_75t_R)
                                         _17712_ (net)
                  8.33    0.00 1073.59 v _20098_/A2 (OA21x2_ASAP7_75t_R)
     1    0.65    6.62   16.47 1090.06 v _20098_/Y (OA21x2_ASAP7_75t_R)
                                         _17713_ (net)
                  6.62    0.00 1090.06 v _20099_/A2 (OA21x2_ASAP7_75t_R)
     2    1.49    8.68   17.43 1107.49 v _20099_/Y (OA21x2_ASAP7_75t_R)
                                         _17714_ (net)
                  8.68    0.00 1107.49 v _20100_/B (OR2x2_ASAP7_75t_R)
     1    0.63    6.48   15.95 1123.44 v _20100_/Y (OR2x2_ASAP7_75t_R)
                                         _17715_ (net)
                  6.48    0.00 1123.44 v _20101_/A2 (AO21x1_ASAP7_75t_R)
     2    1.21    9.95   15.41 1138.85 v _20101_/Y (AO21x1_ASAP7_75t_R)
                                         _17716_ (net)
                  9.95    0.00 1138.85 v _20102_/A2 (AO21x1_ASAP7_75t_R)
     1    0.63    7.26   14.62 1153.47 v _20102_/Y (AO21x1_ASAP7_75t_R)
                                         _17717_ (net)
                  7.26    0.00 1153.47 v _20103_/A2 (AO21x1_ASAP7_75t_R)
     1    0.58    6.97   13.71 1167.18 v _20103_/Y (AO21x1_ASAP7_75t_R)
                                         _17718_ (net)
                  6.97    0.00 1167.18 v _20104_/A (BUFx2_ASAP7_75t_R)
     6    6.01   17.88   20.36 1187.54 v _20104_/Y (BUFx2_ASAP7_75t_R)
                                         _17719_ (net)
                 17.88    0.00 1187.54 v _20105_/A (BUFx2_ASAP7_75t_R)
    10    7.60   21.82   25.71 1213.25 v _20105_/Y (BUFx2_ASAP7_75t_R)
                                         _17720_ (net)
                 21.82    0.00 1213.25 v _24139_/B (NAND2x1_ASAP7_75t_R)
     1    0.64   12.94   10.01 1223.26 ^ _24139_/Y (NAND2x1_ASAP7_75t_R)
                                         _08852_ (net)
                 12.94    0.00 1223.26 ^ _24140_/B (OA21x2_ASAP7_75t_R)
     1    1.09    8.17   17.05 1240.31 ^ _24140_/Y (OA21x2_ASAP7_75t_R)
                                         _03784_ (net)
                  8.17    0.00 1240.31 ^ _34945_/A (HAxp5_ASAP7_75t_R)
     1    0.63   17.94   19.52 1259.83 v _34945_/SN (HAxp5_ASAP7_75t_R)
                                         _03786_ (net)
                 17.94    0.00 1259.83 v _29004_/B (AO21x1_ASAP7_75t_R)
     1    0.63    7.58   17.50 1277.33 v _29004_/Y (AO21x1_ASAP7_75t_R)
                                         _13105_ (net)
                  7.58    0.00 1277.33 v _29005_/A2 (AO21x1_ASAP7_75t_R)
     1    0.63    7.30   13.97 1291.30 v _29005_/Y (AO21x1_ASAP7_75t_R)
                                         _13106_ (net)
                  7.30    0.00 1291.30 v _29006_/A2 (AO21x1_ASAP7_75t_R)
     1    0.63    7.22   13.89 1305.19 v _29006_/Y (AO21x1_ASAP7_75t_R)
                                         _13107_ (net)
                  7.22    0.00 1305.19 v _29007_/A2 (AO21x1_ASAP7_75t_R)
     1    0.63    7.20   13.87 1319.07 v _29007_/Y (AO21x1_ASAP7_75t_R)
                                         _13108_ (net)
                  7.20    0.00 1319.07 v _29008_/A2 (AO21x1_ASAP7_75t_R)
     1    0.63    7.17   13.87 1332.93 v _29008_/Y (AO21x1_ASAP7_75t_R)
                                         _13109_ (net)
                  7.17    0.00 1332.93 v _29009_/A2 (AO21x1_ASAP7_75t_R)
     1    0.63    7.13   13.86 1346.79 v _29009_/Y (AO21x1_ASAP7_75t_R)
                                         _13110_ (net)
                  7.13    0.00 1346.79 v _29010_/A2 (AO21x1_ASAP7_75t_R)
     1    0.63    7.23   13.85 1360.64 v _29010_/Y (AO21x1_ASAP7_75t_R)
                                         _13111_ (net)
                  7.23    0.00 1360.64 v _29011_/A2 (AO21x1_ASAP7_75t_R)
     1    0.44    6.31   13.29 1373.93 v _29011_/Y (AO21x1_ASAP7_75t_R)
                                         _13112_ (net)
                  6.31    0.00 1373.93 v _29012_/C (OA211x2_ASAP7_75t_R)
     1    1.23   10.74   27.13 1401.05 v _29012_/Y (OA211x2_ASAP7_75t_R)
                                         _13113_ (net)
                 10.74    0.00 1401.05 v _29013_/B2 (OAI22x1_ASAP7_75t_R)
     1    0.58   20.64   10.39 1411.45 ^ _29013_/Y (OAI22x1_ASAP7_75t_R)
                                         _13114_ (net)
                 20.64    0.00 1411.45 ^ _29014_/B (AND2x2_ASAP7_75t_R)
     1    0.62    6.37   17.37 1428.81 ^ _29014_/Y (AND2x2_ASAP7_75t_R)
                                         _05189_ (net)
                  6.37    0.00 1428.81 ^ cores[1].core_instance.threads[0].alu_instance.alu_out_reg[0]$_SDFFE_PP0P_/D (DFFHQNx1_ASAP7_75t_R)
                               1428.81   data arrival time

                  0.00 1428.57 1428.57   clock clk (rise edge)
                          0.00 1428.57   clock network delay (ideal)
                          0.00 1428.57   clock reconvergence pessimism
                               1428.57 ^ cores[1].core_instance.threads[0].alu_instance.alu_out_reg[0]$_SDFFE_PP0P_/CLK (DFFHQNx1_ASAP7_75t_R)
                        -15.03 1413.54   library setup time
                               1413.54   data required time
-----------------------------------------------------------------------------
                               1413.54   data required time
                               -1428.81   data arrival time
-----------------------------------------------------------------------------
                                -15.28   slack (VIOLATED)



==========================================================================
Post synthesis report_power
--------------------------------------------------------------------------
Group                  Internal  Switching    Leakage      Total
                          Power      Power      Power      Power (Watts)
----------------------------------------------------------------
Sequential             2.53e-03   1.65e-05   3.75e-07   2.54e-03  88.7%
Combinational          1.61e-04   1.61e-04   1.24e-06   3.23e-04  11.3%
Clock                  0.00e+00   0.00e+00   0.00e+00   0.00e+00   0.0%
Macro                  0.00e+00   0.00e+00   0.00e+00   0.00e+00   0.0%
Pad                    0.00e+00   0.00e+00   0.00e+00   0.00e+00   0.0%
----------------------------------------------------------------
Total                  2.69e-03   1.78e-04   1.61e-06   2.87e-03 100.0%
                          93.7%       6.2%       0.1%
