
==========================================================================
Post synthesis report_tns
--------------------------------------------------------------------------
tns max 0.00

==========================================================================
Post synthesis report_wns
--------------------------------------------------------------------------
wns max 0.00

==========================================================================
Post synthesis report_worst_slack
--------------------------------------------------------------------------
worst slack max 215.59

==========================================================================
Post synthesis report_clock_min_period
--------------------------------------------------------------------------
clk period_min = 1212.98 fmax = 824.41

==========================================================================
Post synthesis report_checks -path_delay min
--------------------------------------------------------------------------
Startpoint: u_clint.inst_addr[12]$_SDFFE_PN0P_
            (rising edge-triggered flip-flop clocked by clk)
Endpoint: u_clint.data_o[12]$_SDFF_PN0_
          (rising edge-triggered flip-flop clocked by clk)
Path Group: clk
Path Type: min

Fanout     Cap    Slew   Delay    Time   Description
-----------------------------------------------------------------------------
                  0.00    0.00    0.00   clock clk (rise edge)
                          0.00    0.00   clock network delay (ideal)
                  0.00    0.00    0.00 ^ u_clint.inst_addr[12]$_SDFFE_PN0P_/CLK (DFFHQNx1_ASAP7_75t_R)
     2    1.26   16.17   34.69   34.69 ^ u_clint.inst_addr[12]$_SDFFE_PN0P_/QN (DFFHQNx1_ASAP7_75t_R)
                                         _01750_ (net)
                 16.17    0.00   34.69 ^ _38090_/A1 (OAI22x1_ASAP7_75t_R)
     1    0.55    8.59    7.57   42.26 v _38090_/Y (OAI22x1_ASAP7_75t_R)
                                         _07938_ (net)
                  8.59    0.00   42.26 v u_clint.data_o[12]$_SDFF_PN0_/D (DFFHQNx1_ASAP7_75t_R)
                                 42.26   data arrival time

                  0.00    0.00    0.00   clock clk (rise edge)
                          0.00    0.00   clock network delay (ideal)
                          0.00    0.00   clock reconvergence pessimism
                                  0.00 ^ u_clint.data_o[12]$_SDFF_PN0_/CLK (DFFHQNx1_ASAP7_75t_R)
                          8.41    8.41   library hold time
                                  8.41   data required time
-----------------------------------------------------------------------------
                                  8.41   data required time
                                -42.26   data arrival time
-----------------------------------------------------------------------------
                                 33.85   slack (MET)



==========================================================================
Post synthesis report_checks -path_delay max
--------------------------------------------------------------------------
Startpoint: u_id_ex.inst_ff.qout_r[4]$_SDFF_PP0_
            (rising edge-triggered flip-flop clocked by clk)
Endpoint: u_regs.regs[25][31]$_DFFE_PP_
          (rising edge-triggered flip-flop clocked by clk)
Path Group: clk
Path Type: max

Fanout     Cap    Slew   Delay    Time   Description
-----------------------------------------------------------------------------
                  0.00    0.00    0.00   clock clk (rise edge)
                          0.00    0.00   clock network delay (ideal)
                  0.00    0.00    0.00 ^ u_id_ex.inst_ff.qout_r[4]$_SDFF_PP0_/CLK (DFFHQNx1_ASAP7_75t_R)
     1    0.58   12.00   29.99   29.99 v u_id_ex.inst_ff.qout_r[4]$_SDFF_PP0_/QN (DFFHQNx1_ASAP7_75t_R)
                                         _01422_ (net)
                 12.00    0.00   29.99 v _32501_/A (BUFx2_ASAP7_75t_R)
     9    6.53   19.16   22.58   52.57 v _32501_/Y (BUFx2_ASAP7_75t_R)
                                         _09994_ (net)
                 19.16    0.00   52.57 v _32517_/A (NOR2x1_ASAP7_75t_R)
     2    1.17   13.23   11.01   63.58 ^ _32517_/Y (NOR2x1_ASAP7_75t_R)
                                         _10010_ (net)
                 13.23    0.00   63.58 ^ _32518_/E (AND5x1_ASAP7_75t_R)
     2    1.21   15.33   31.66   95.24 ^ _32518_/Y (AND5x1_ASAP7_75t_R)
                                         _10011_ (net)
                 15.33    0.00   95.24 ^ _32519_/A (BUFx2_ASAP7_75t_R)
    10    8.07   26.82   25.34  120.58 ^ _32519_/Y (BUFx2_ASAP7_75t_R)
                                         _10012_ (net)
                 26.82    0.00  120.58 ^ _32912_/A (BUFx2_ASAP7_75t_R)
    10    6.94   23.77   26.38  146.97 ^ _32912_/Y (BUFx2_ASAP7_75t_R)
                                         _10105_ (net)
                 23.77    0.00  146.97 ^ _32913_/B (AND2x2_ASAP7_75t_R)
     4    2.40   11.59   21.02  167.98 ^ _32913_/Y (AND2x2_ASAP7_75t_R)
                                         _10106_ (net)
                 11.59    0.00  167.98 ^ _32921_/A (AND2x2_ASAP7_75t_R)
     5    4.10   16.75   20.25  188.24 ^ _32921_/Y (AND2x2_ASAP7_75t_R)
                                         _10114_ (net)
                 16.75    0.00  188.24 ^ _32934_/B (NAND2x1_ASAP7_75t_R)
     9    5.53   29.41   18.51  206.74 v _32934_/Y (NAND2x1_ASAP7_75t_R)
                                         _10126_ (net)
                 29.41    0.00  206.74 v _32941_/A (BUFx2_ASAP7_75t_R)
    10   10.02   27.91   31.66  238.40 v _32941_/Y (BUFx2_ASAP7_75t_R)
                                         _10132_ (net)
                 27.91    0.00  238.40 v _33022_/A (NOR2x1_ASAP7_75t_R)
     1    1.01   12.57   11.58  249.98 ^ _33022_/Y (NOR2x1_ASAP7_75t_R)
                                         _10194_ (net)
                 12.57    0.00  249.98 ^ _33023_/B (XNOR2x2_ASAP7_75t_R)
     5    2.86   12.18   28.81  278.79 v _33023_/Y (XNOR2x2_ASAP7_75t_R)
                                         _10195_ (net)
                 12.18    0.00  278.79 v _33130_/A (BUFx2_ASAP7_75t_R)
    10    5.54   16.80   21.43  300.22 v _33130_/Y (BUFx2_ASAP7_75t_R)
                                         _10253_ (net)
                 16.80    0.00  300.22 v _33484_/A (AND2x2_ASAP7_75t_R)
     1    2.04    8.82   19.69  319.91 v _33484_/Y (AND2x2_ASAP7_75t_R)
                                         _04171_ (net)
                  8.82    0.00  319.91 v _44179_/A (FAx1_ASAP7_75t_R)
     1    0.68   19.35   27.46  347.38 v _44179_/SN (FAx1_ASAP7_75t_R)
                                         _04175_ (net)
                 19.35    0.00  347.38 v _32735_/A (INVx1_ASAP7_75t_R)
     1    1.65   14.84   12.02  359.40 ^ _32735_/Y (INVx1_ASAP7_75t_R)
                                         _04177_ (net)
                 14.84    0.00  359.40 ^ _44353_/CI (FAx1_ASAP7_75t_R)
     1    0.68   20.23   28.57  387.97 v _44353_/SN (FAx1_ASAP7_75t_R)
                                         _05064_ (net)
                 20.23    0.00  387.97 v _32298_/A (INVx1_ASAP7_75t_R)
     1    1.65   15.07   12.26  400.23 ^ _32298_/Y (INVx1_ASAP7_75t_R)
                                         _03198_ (net)
                 15.07    0.00  400.23 ^ _44005_/CI (FAx1_ASAP7_75t_R)
     1    0.68   20.27   28.64  428.86 v _44005_/SN (FAx1_ASAP7_75t_R)
                                         _03200_ (net)
                 20.27    0.00  428.86 v _32023_/A (INVx1_ASAP7_75t_R)
     1    2.24   18.08   14.12  442.99 ^ _32023_/Y (INVx1_ASAP7_75t_R)
                                         _03202_ (net)
                 18.08    0.00  442.99 ^ _44472_/B (FAx1_ASAP7_75t_R)
     1    0.68   20.27   29.27  472.26 v _44472_/SN (FAx1_ASAP7_75t_R)
                                         _05623_ (net)
                 20.27    0.00  472.26 v _31560_/A (INVx1_ASAP7_75t_R)
     1    1.65   15.08   12.27  484.52 ^ _31560_/Y (INVx1_ASAP7_75t_R)
                                         _05611_ (net)
                 15.08    0.00  484.52 ^ _44470_/CI (FAx1_ASAP7_75t_R)
     1    0.68   20.19   28.64  513.16 v _44470_/SN (FAx1_ASAP7_75t_R)
                                         _05613_ (net)
                 20.19    0.00  513.16 v _32650_/A (INVx1_ASAP7_75t_R)
     1    0.93   11.32    9.55  522.71 ^ _32650_/Y (INVx1_ASAP7_75t_R)
                                         _05614_ (net)
                 11.32    0.00  522.71 ^ _44817_/B (HAxp5_ASAP7_75t_R)
     1    0.68   13.38   21.07  543.79 v _44817_/SN (HAxp5_ASAP7_75t_R)
                                         _06957_ (net)
                 13.38    0.00  543.79 v _31722_/A (INVx1_ASAP7_75t_R)
     1    2.24   16.49   11.96  555.75 ^ _31722_/Y (INVx1_ASAP7_75t_R)
                                         _04677_ (net)
                 16.49    0.00  555.75 ^ _44274_/B (FAx1_ASAP7_75t_R)
     1    0.68   20.20   28.81  584.56 v _44274_/SN (FAx1_ASAP7_75t_R)
                                         _04679_ (net)
                 20.20    0.00  584.56 v _31931_/A (INVx1_ASAP7_75t_R)
     1    2.24   18.06   14.11  598.66 ^ _31931_/Y (INVx1_ASAP7_75t_R)
                                         _04681_ (net)
                 18.06    0.00  598.66 ^ _44629_/B (FAx1_ASAP7_75t_R)
     1    0.68   20.26   29.26  627.93 v _44629_/SN (FAx1_ASAP7_75t_R)
                                         _06314_ (net)
                 20.26    0.00  627.93 v _32565_/A (INVx1_ASAP7_75t_R)
     1    0.93   11.34    9.56  637.49 ^ _32565_/Y (INVx1_ASAP7_75t_R)
                                         _06316_ (net)
                 11.34    0.00  637.49 ^ _45087_/B (HAxp5_ASAP7_75t_R)
     8    5.21   58.61   69.07  706.56 v _45087_/SN (HAxp5_ASAP7_75t_R)
                                         _07696_ (net)
                 58.61    0.00  706.56 v _41531_/A (OR4x1_ASAP7_75t_R)
     4    2.50   19.71   40.21  746.76 v _41531_/Y (OR4x1_ASAP7_75t_R)
                                         _15987_ (net)
                 19.71    0.00  746.76 v _41569_/D (OR4x1_ASAP7_75t_R)
     2    1.21   13.08   29.70  776.47 v _41569_/Y (OR4x1_ASAP7_75t_R)
                                         _16025_ (net)
                 13.08    0.00  776.47 v _41572_/B1 (OA22x2_ASAP7_75t_R)
     1    0.63    6.73   19.33  795.80 v _41572_/Y (OA22x2_ASAP7_75t_R)
                                         _16028_ (net)
                  6.73    0.00  795.80 v _41573_/B (OA21x2_ASAP7_75t_R)
     4    2.90   11.86   15.23  811.03 v _41573_/Y (OA21x2_ASAP7_75t_R)
                                         _16029_ (net)
                 11.86    0.00  811.03 v _41694_/C (OA211x2_ASAP7_75t_R)
     2    1.99   12.67   30.40  841.43 v _41694_/Y (OA211x2_ASAP7_75t_R)
                                         _16150_ (net)
                 12.67    0.00  841.43 v _41695_/B (XNOR2x2_ASAP7_75t_R)
     2    1.60   10.34   22.70  864.13 ^ _41695_/Y (XNOR2x2_ASAP7_75t_R)
                                         _16151_ (net)
                 10.34    0.00  864.13 ^ _41703_/C (AND5x1_ASAP7_75t_R)
     1    0.66   11.97   28.83  892.96 ^ _41703_/Y (AND5x1_ASAP7_75t_R)
                                         _16159_ (net)
                 11.97    0.00  892.96 ^ _41789_/A (AND4x1_ASAP7_75t_R)
     6    4.39   31.54   32.82  925.78 ^ _41789_/Y (AND4x1_ASAP7_75t_R)
                                         _16245_ (net)
                 31.54    0.00  925.78 ^ _41790_/E (AND5x1_ASAP7_75t_R)
     3    1.78   18.53   34.76  960.54 ^ _41790_/Y (AND5x1_ASAP7_75t_R)
                                         _16246_ (net)
                 18.53    0.00  960.54 ^ _41791_/E (AND5x1_ASAP7_75t_R)
    10    6.48   45.27   46.75 1007.30 ^ _41791_/Y (AND5x1_ASAP7_75t_R)
                                         _16247_ (net)
                 45.27    0.00 1007.30 ^ _41792_/E (AND5x1_ASAP7_75t_R)
     2    1.59   17.65   35.09 1042.39 ^ _41792_/Y (AND5x1_ASAP7_75t_R)
                                         _16248_ (net)
                 17.65    0.00 1042.39 ^ _30901_/B (AND2x2_ASAP7_75t_R)
     1    1.01    7.41   17.31 1059.70 ^ _30901_/Y (AND2x2_ASAP7_75t_R)
                                         _23723_ (net)
                  7.41    0.00 1059.70 ^ _30902_/B (XNOR2x2_ASAP7_75t_R)
     1    0.65    6.64   23.72 1083.42 v _30902_/Y (XNOR2x2_ASAP7_75t_R)
                                         _23724_ (net)
                  6.64    0.00 1083.42 v _30903_/C1 (AO222x2_ASAP7_75t_R)
     1    0.63    9.16   26.84 1110.26 v _30903_/Y (AO222x2_ASAP7_75t_R)
                                         _23725_ (net)
                  9.16    0.00 1110.26 v _30907_/A2 (AO21x1_ASAP7_75t_R)
     1    0.57    6.81   14.22 1124.47 v _30907_/Y (AO21x1_ASAP7_75t_R)
                                         _23729_ (net)
                  6.81    0.00 1124.47 v _30908_/B (OR2x2_ASAP7_75t_R)
     6    4.00   14.25   20.81 1145.28 v _30908_/Y (OR2x2_ASAP7_75t_R)
                                         _23730_ (net)
                 14.25    0.00 1145.28 v _30910_/A2 (OA21x2_ASAP7_75t_R)
     4    2.36   10.44   21.13 1166.41 v _30910_/Y (OA21x2_ASAP7_75t_R)
                                         _23732_ (net)
                 10.44    0.00 1166.41 v _30911_/A (BUFx2_ASAP7_75t_R)
    10    6.34   18.68   21.87 1188.28 v _30911_/Y (BUFx2_ASAP7_75t_R)
                                         _23733_ (net)
                 18.68    0.00 1188.28 v _30929_/A2 (AO21x1_ASAP7_75t_R)
     1    0.62    6.99   16.84 1205.12 v _30929_/Y (AO21x1_ASAP7_75t_R)
                                         _09774_ (net)
                  6.99    0.00 1205.12 v u_regs.regs[25][31]$_DFFE_PP_/D (DFFHQNx1_ASAP7_75t_R)
                               1205.12   data arrival time

                  0.00 1428.57 1428.57   clock clk (rise edge)
                          0.00 1428.57   clock network delay (ideal)
                          0.00 1428.57   clock reconvergence pessimism
                               1428.57 ^ u_regs.regs[25][31]$_DFFE_PP_/CLK (DFFHQNx1_ASAP7_75t_R)
                         -7.86 1420.71   library setup time
                               1420.71   data required time
-----------------------------------------------------------------------------
                               1420.71   data required time
                               -1205.12   data arrival time
-----------------------------------------------------------------------------
                                215.59   slack (MET)



==========================================================================
Post synthesis report_checks -unconstrained
--------------------------------------------------------------------------
Startpoint: u_id_ex.inst_ff.qout_r[4]$_SDFF_PP0_
            (rising edge-triggered flip-flop clocked by clk)
Endpoint: u_regs.regs[25][31]$_DFFE_PP_
          (rising edge-triggered flip-flop clocked by clk)
Path Group: clk
Path Type: max

Fanout     Cap    Slew   Delay    Time   Description
-----------------------------------------------------------------------------
                  0.00    0.00    0.00   clock clk (rise edge)
                          0.00    0.00   clock network delay (ideal)
                  0.00    0.00    0.00 ^ u_id_ex.inst_ff.qout_r[4]$_SDFF_PP0_/CLK (DFFHQNx1_ASAP7_75t_R)
     1    0.58   12.00   29.99   29.99 v u_id_ex.inst_ff.qout_r[4]$_SDFF_PP0_/QN (DFFHQNx1_ASAP7_75t_R)
                                         _01422_ (net)
                 12.00    0.00   29.99 v _32501_/A (BUFx2_ASAP7_75t_R)
     9    6.53   19.16   22.58   52.57 v _32501_/Y (BUFx2_ASAP7_75t_R)
                                         _09994_ (net)
                 19.16    0.00   52.57 v _32517_/A (NOR2x1_ASAP7_75t_R)
     2    1.17   13.23   11.01   63.58 ^ _32517_/Y (NOR2x1_ASAP7_75t_R)
                                         _10010_ (net)
                 13.23    0.00   63.58 ^ _32518_/E (AND5x1_ASAP7_75t_R)
     2    1.21   15.33   31.66   95.24 ^ _32518_/Y (AND5x1_ASAP7_75t_R)
                                         _10011_ (net)
                 15.33    0.00   95.24 ^ _32519_/A (BUFx2_ASAP7_75t_R)
    10    8.07   26.82   25.34  120.58 ^ _32519_/Y (BUFx2_ASAP7_75t_R)
                                         _10012_ (net)
                 26.82    0.00  120.58 ^ _32912_/A (BUFx2_ASAP7_75t_R)
    10    6.94   23.77   26.38  146.97 ^ _32912_/Y (BUFx2_ASAP7_75t_R)
                                         _10105_ (net)
                 23.77    0.00  146.97 ^ _32913_/B (AND2x2_ASAP7_75t_R)
     4    2.40   11.59   21.02  167.98 ^ _32913_/Y (AND2x2_ASAP7_75t_R)
                                         _10106_ (net)
                 11.59    0.00  167.98 ^ _32921_/A (AND2x2_ASAP7_75t_R)
     5    4.10   16.75   20.25  188.24 ^ _32921_/Y (AND2x2_ASAP7_75t_R)
                                         _10114_ (net)
                 16.75    0.00  188.24 ^ _32934_/B (NAND2x1_ASAP7_75t_R)
     9    5.53   29.41   18.51  206.74 v _32934_/Y (NAND2x1_ASAP7_75t_R)
                                         _10126_ (net)
                 29.41    0.00  206.74 v _32941_/A (BUFx2_ASAP7_75t_R)
    10   10.02   27.91   31.66  238.40 v _32941_/Y (BUFx2_ASAP7_75t_R)
                                         _10132_ (net)
                 27.91    0.00  238.40 v _33022_/A (NOR2x1_ASAP7_75t_R)
     1    1.01   12.57   11.58  249.98 ^ _33022_/Y (NOR2x1_ASAP7_75t_R)
                                         _10194_ (net)
                 12.57    0.00  249.98 ^ _33023_/B (XNOR2x2_ASAP7_75t_R)
     5    2.86   12.18   28.81  278.79 v _33023_/Y (XNOR2x2_ASAP7_75t_R)
                                         _10195_ (net)
                 12.18    0.00  278.79 v _33130_/A (BUFx2_ASAP7_75t_R)
    10    5.54   16.80   21.43  300.22 v _33130_/Y (BUFx2_ASAP7_75t_R)
                                         _10253_ (net)
                 16.80    0.00  300.22 v _33484_/A (AND2x2_ASAP7_75t_R)
     1    2.04    8.82   19.69  319.91 v _33484_/Y (AND2x2_ASAP7_75t_R)
                                         _04171_ (net)
                  8.82    0.00  319.91 v _44179_/A (FAx1_ASAP7_75t_R)
     1    0.68   19.35   27.46  347.38 v _44179_/SN (FAx1_ASAP7_75t_R)
                                         _04175_ (net)
                 19.35    0.00  347.38 v _32735_/A (INVx1_ASAP7_75t_R)
     1    1.65   14.84   12.02  359.40 ^ _32735_/Y (INVx1_ASAP7_75t_R)
                                         _04177_ (net)
                 14.84    0.00  359.40 ^ _44353_/CI (FAx1_ASAP7_75t_R)
     1    0.68   20.23   28.57  387.97 v _44353_/SN (FAx1_ASAP7_75t_R)
                                         _05064_ (net)
                 20.23    0.00  387.97 v _32298_/A (INVx1_ASAP7_75t_R)
     1    1.65   15.07   12.26  400.23 ^ _32298_/Y (INVx1_ASAP7_75t_R)
                                         _03198_ (net)
                 15.07    0.00  400.23 ^ _44005_/CI (FAx1_ASAP7_75t_R)
     1    0.68   20.27   28.64  428.86 v _44005_/SN (FAx1_ASAP7_75t_R)
                                         _03200_ (net)
                 20.27    0.00  428.86 v _32023_/A (INVx1_ASAP7_75t_R)
     1    2.24   18.08   14.12  442.99 ^ _32023_/Y (INVx1_ASAP7_75t_R)
                                         _03202_ (net)
                 18.08    0.00  442.99 ^ _44472_/B (FAx1_ASAP7_75t_R)
     1    0.68   20.27   29.27  472.26 v _44472_/SN (FAx1_ASAP7_75t_R)
                                         _05623_ (net)
                 20.27    0.00  472.26 v _31560_/A (INVx1_ASAP7_75t_R)
     1    1.65   15.08   12.27  484.52 ^ _31560_/Y (INVx1_ASAP7_75t_R)
                                         _05611_ (net)
                 15.08    0.00  484.52 ^ _44470_/CI (FAx1_ASAP7_75t_R)
     1    0.68   20.19   28.64  513.16 v _44470_/SN (FAx1_ASAP7_75t_R)
                                         _05613_ (net)
                 20.19    0.00  513.16 v _32650_/A (INVx1_ASAP7_75t_R)
     1    0.93   11.32    9.55  522.71 ^ _32650_/Y (INVx1_ASAP7_75t_R)
                                         _05614_ (net)
                 11.32    0.00  522.71 ^ _44817_/B (HAxp5_ASAP7_75t_R)
     1    0.68   13.38   21.07  543.79 v _44817_/SN (HAxp5_ASAP7_75t_R)
                                         _06957_ (net)
                 13.38    0.00  543.79 v _31722_/A (INVx1_ASAP7_75t_R)
     1    2.24   16.49   11.96  555.75 ^ _31722_/Y (INVx1_ASAP7_75t_R)
                                         _04677_ (net)
                 16.49    0.00  555.75 ^ _44274_/B (FAx1_ASAP7_75t_R)
     1    0.68   20.20   28.81  584.56 v _44274_/SN (FAx1_ASAP7_75t_R)
                                         _04679_ (net)
                 20.20    0.00  584.56 v _31931_/A (INVx1_ASAP7_75t_R)
     1    2.24   18.06   14.11  598.66 ^ _31931_/Y (INVx1_ASAP7_75t_R)
                                         _04681_ (net)
                 18.06    0.00  598.66 ^ _44629_/B (FAx1_ASAP7_75t_R)
     1    0.68   20.26   29.26  627.93 v _44629_/SN (FAx1_ASAP7_75t_R)
                                         _06314_ (net)
                 20.26    0.00  627.93 v _32565_/A (INVx1_ASAP7_75t_R)
     1    0.93   11.34    9.56  637.49 ^ _32565_/Y (INVx1_ASAP7_75t_R)
                                         _06316_ (net)
                 11.34    0.00  637.49 ^ _45087_/B (HAxp5_ASAP7_75t_R)
     8    5.21   58.61   69.07  706.56 v _45087_/SN (HAxp5_ASAP7_75t_R)
                                         _07696_ (net)
                 58.61    0.00  706.56 v _41531_/A (OR4x1_ASAP7_75t_R)
     4    2.50   19.71   40.21  746.76 v _41531_/Y (OR4x1_ASAP7_75t_R)
                                         _15987_ (net)
                 19.71    0.00  746.76 v _41569_/D (OR4x1_ASAP7_75t_R)
     2    1.21   13.08   29.70  776.47 v _41569_/Y (OR4x1_ASAP7_75t_R)
                                         _16025_ (net)
                 13.08    0.00  776.47 v _41572_/B1 (OA22x2_ASAP7_75t_R)
     1    0.63    6.73   19.33  795.80 v _41572_/Y (OA22x2_ASAP7_75t_R)
                                         _16028_ (net)
                  6.73    0.00  795.80 v _41573_/B (OA21x2_ASAP7_75t_R)
     4    2.90   11.86   15.23  811.03 v _41573_/Y (OA21x2_ASAP7_75t_R)
                                         _16029_ (net)
                 11.86    0.00  811.03 v _41694_/C (OA211x2_ASAP7_75t_R)
     2    1.99   12.67   30.40  841.43 v _41694_/Y (OA211x2_ASAP7_75t_R)
                                         _16150_ (net)
                 12.67    0.00  841.43 v _41695_/B (XNOR2x2_ASAP7_75t_R)
     2    1.60   10.34   22.70  864.13 ^ _41695_/Y (XNOR2x2_ASAP7_75t_R)
                                         _16151_ (net)
                 10.34    0.00  864.13 ^ _41703_/C (AND5x1_ASAP7_75t_R)
     1    0.66   11.97   28.83  892.96 ^ _41703_/Y (AND5x1_ASAP7_75t_R)
                                         _16159_ (net)
                 11.97    0.00  892.96 ^ _41789_/A (AND4x1_ASAP7_75t_R)
     6    4.39   31.54   32.82  925.78 ^ _41789_/Y (AND4x1_ASAP7_75t_R)
                                         _16245_ (net)
                 31.54    0.00  925.78 ^ _41790_/E (AND5x1_ASAP7_75t_R)
     3    1.78   18.53   34.76  960.54 ^ _41790_/Y (AND5x1_ASAP7_75t_R)
                                         _16246_ (net)
                 18.53    0.00  960.54 ^ _41791_/E (AND5x1_ASAP7_75t_R)
    10    6.48   45.27   46.75 1007.30 ^ _41791_/Y (AND5x1_ASAP7_75t_R)
                                         _16247_ (net)
                 45.27    0.00 1007.30 ^ _41792_/E (AND5x1_ASAP7_75t_R)
     2    1.59   17.65   35.09 1042.39 ^ _41792_/Y (AND5x1_ASAP7_75t_R)
                                         _16248_ (net)
                 17.65    0.00 1042.39 ^ _30901_/B (AND2x2_ASAP7_75t_R)
     1    1.01    7.41   17.31 1059.70 ^ _30901_/Y (AND2x2_ASAP7_75t_R)
                                         _23723_ (net)
                  7.41    0.00 1059.70 ^ _30902_/B (XNOR2x2_ASAP7_75t_R)
     1    0.65    6.64   23.72 1083.42 v _30902_/Y (XNOR2x2_ASAP7_75t_R)
                                         _23724_ (net)
                  6.64    0.00 1083.42 v _30903_/C1 (AO222x2_ASAP7_75t_R)
     1    0.63    9.16   26.84 1110.26 v _30903_/Y (AO222x2_ASAP7_75t_R)
                                         _23725_ (net)
                  9.16    0.00 1110.26 v _30907_/A2 (AO21x1_ASAP7_75t_R)
     1    0.57    6.81   14.22 1124.47 v _30907_/Y (AO21x1_ASAP7_75t_R)
                                         _23729_ (net)
                  6.81    0.00 1124.47 v _30908_/B (OR2x2_ASAP7_75t_R)
     6    4.00   14.25   20.81 1145.28 v _30908_/Y (OR2x2_ASAP7_75t_R)
                                         _23730_ (net)
                 14.25    0.00 1145.28 v _30910_/A2 (OA21x2_ASAP7_75t_R)
     4    2.36   10.44   21.13 1166.41 v _30910_/Y (OA21x2_ASAP7_75t_R)
                                         _23732_ (net)
                 10.44    0.00 1166.41 v _30911_/A (BUFx2_ASAP7_75t_R)
    10    6.34   18.68   21.87 1188.28 v _30911_/Y (BUFx2_ASAP7_75t_R)
                                         _23733_ (net)
                 18.68    0.00 1188.28 v _30929_/A2 (AO21x1_ASAP7_75t_R)
     1    0.62    6.99   16.84 1205.12 v _30929_/Y (AO21x1_ASAP7_75t_R)
                                         _09774_ (net)
                  6.99    0.00 1205.12 v u_regs.regs[25][31]$_DFFE_PP_/D (DFFHQNx1_ASAP7_75t_R)
                               1205.12   data arrival time

                  0.00 1428.57 1428.57   clock clk (rise edge)
                          0.00 1428.57   clock network delay (ideal)
                          0.00 1428.57   clock reconvergence pessimism
                               1428.57 ^ u_regs.regs[25][31]$_DFFE_PP_/CLK (DFFHQNx1_ASAP7_75t_R)
                         -7.86 1420.71   library setup time
                               1420.71   data required time
-----------------------------------------------------------------------------
                               1420.71   data required time
                               -1205.12   data arrival time
-----------------------------------------------------------------------------
                                215.59   slack (MET)



==========================================================================
Post synthesis report_power
--------------------------------------------------------------------------
Group                  Internal  Switching    Leakage      Total
                          Power      Power      Power      Power (Watts)
----------------------------------------------------------------
Sequential             2.30e-03   7.33e-05   3.16e-07   2.37e-03  80.0%
Combinational          3.53e-04   2.38e-04   1.67e-06   5.92e-04  20.0%
Clock                  0.00e+00   0.00e+00   0.00e+00   0.00e+00   0.0%
Macro                  0.00e+00   0.00e+00   0.00e+00   0.00e+00   0.0%
Pad                    0.00e+00   0.00e+00   0.00e+00   0.00e+00   0.0%
----------------------------------------------------------------
Total                  2.65e-03   3.11e-04   1.99e-06   2.96e-03 100.0%
                          89.4%      10.5%       0.1%
